Error processing line 1 of C:\Users\sayet\AppData\Local\Programs\Python\Python311\Lib\site-packages\google_generativeai-0.8.6-py3.13-nspkg.pth:

  Traceback (most recent call last):
    File "<frozen site>", line 186, in addpackage
    File "<string>", line 1, in <module>
    File "<frozen importlib._bootstrap>", line 570, in module_from_spec
  AttributeError: 'NoneType' object has no attribute 'loader'

Remainder of file ignored
Error processing line 7 of C:\Users\sayet\AppData\Local\Programs\Python\Python311\Lib\site-packages\pywin32.pth:

  Traceback (most recent call last):
    File "<frozen site>", line 186, in addpackage
    File "<string>", line 1, in <module>
  ModuleNotFoundError: No module named 'pywin32_bootstrap'

Remainder of file ignored
C:\Users\sayet\AppData\Local\Programs\Python\Python311\Lib\site-packages\urllib3\connectionpool.py:1097: InsecureRequestWarning: Unverified HTTPS request is being made to host 'vsedliarybalky.com.ua'. Adding certificate verification is strongly advised. See: https://urllib3.readthedocs.io/en/latest/advanced-usage.html#tls-warnings
  warnings.warn(
C:\Users\sayet\AppData\Local\Programs\Python\Python311\Lib\site-packages\urllib3\connectionpool.py:1097: InsecureRequestWarning: Unverified HTTPS request is being made to host 'vsedliarybalky.com.ua'. Adding certificate verification is strongly advised. See: https://urllib3.readthedocs.io/en/latest/advanced-usage.html#tls-warnings
  warnings.warn(
C:\Users\sayet\AppData\Local\Programs\Python\Python311\Lib\site-packages\urllib3\connectionpool.py:1097: InsecureRequestWarning: Unverified HTTPS request is being made to host 'vsedliarybalky.com.ua'. Adding certificate verification is strongly advised. See: https://urllib3.readthedocs.io/en/latest/advanced-usage.html#tls-warnings
  warnings.warn(
[1/1500] uploaded article 2765 with 1 files
[2/1500] uploaded article 2766 with 1 files
[5/1500] uploaded article 2772 with 1 files
[3/1500] uploaded article 277 with 1 files
[4/1500] uploaded article 2771 with 1 files
[6/1500] uploaded article 2773 with 1 files
[7/1500] uploaded article 2774 with 1 files
[9/1500] uploaded article 2776 with 1 files
[8/1500] uploaded article 2775 with 1 files
[11/1500] uploaded article 278 with 1 files
[10/1500] uploaded article 2777 with 1 files
[12/1500] uploaded article 2781 with 1 files
[13/1500] uploaded article 2782 with 1 files
[14/1500] uploaded article 2783 with 1 files
[15/1500] uploaded article 2784 with 1 files
[16/1500] uploaded article 2785 with 1 files
[17/1500] uploaded article 2786 with 1 files
[19/1500] uploaded article 2788 with 1 files
[18/1500] uploaded article 2787 with 1 files
[20/1500] uploaded article 2789 with 1 files
[21/1500] uploaded article 279 with 1 files
[22/1500] uploaded article 2790 with 1 files
[23/1500] uploaded article 2791 with 1 files
[24/1500] uploaded article 2792 with 1 files
[25/1500] uploaded article 2793 with 1 files
[26/1500] uploaded article 2794 with 1 files
[27/1500] uploaded article 2795 with 1 files
[28/1500] uploaded article 2796 with 1 files
[29/1500] uploaded article 2797 with 1 files
[30/1500] uploaded article 2798 with 1 files
[31/1500] uploaded article 2799 with 1 files
[32/1500] uploaded article 280 with 1 files
[33/1500] uploaded article 2800 with 1 files
[34/1500] uploaded article 2801 with 1 files
[36/1500] uploaded article 2802 with 1 files
[35/1500] uploaded article 280101 with 1 files
[37/1500] uploaded article 2803 with 1 files
[38/1500] uploaded article 2804 with 1 files
[40/1500] uploaded article 2806 with 1 files
[39/1500] uploaded article 2805 with 1 files
[41/1500] uploaded article 2807 with 1 files
[42/1500] uploaded article 2808 with 1 files
[44/1500] uploaded article 2810 with 1 files
[43/1500] uploaded article 2809 with 1 files
[45/1500] uploaded article 2811 with 1 files
[46/1500] uploaded article 2812 with 1 files
[49/1500] uploaded article 2815 with 1 files
[47/1500] uploaded article 2813 with 1 files
[50/1500] uploaded article 2817 with 1 files
[52/1500] uploaded article 2819 with 1 files
[51/1500] uploaded article 2818 with 1 files
[48/1500] uploaded article 2814 with 1 files
[54/1500] uploaded article 2822 with 1 files
[53/1500] uploaded article 2820 with 1 files
[55/1500] uploaded article 2823 with 1 files
[56/1500] uploaded article 2824 with 1 files
[57/1500] uploaded article 2825 with 1 files
[58/1500] uploaded article 2826 with 1 files
[59/1500] uploaded article 283 with 1 files
[60/1500] uploaded article 2830 with 1 files
[61/1500] uploaded article 2831 with 1 files
[62/1500] uploaded article 2832 with 1 files
[63/1500] uploaded article 2833 with 1 files
[64/1500] uploaded article 2834 with 1 files
[65/1500] uploaded article 2835 with 1 files
[67/1500] uploaded article 2837 with 1 files
[66/1500] uploaded article 2836 with 1 files
[68/1500] uploaded article 2838 with 1 files
[69/1500] uploaded article 2839 with 1 files
[70/1500] uploaded article 284 with 1 files
[71/1500] uploaded article 2840 with 1 files
[72/1500] uploaded article 2841 with 1 files
[73/1500] uploaded article 2842 with 1 files
[74/1500] uploaded article 2843 with 1 files
[75/1500] uploaded article 2846 with 1 files
[76/1500] uploaded article 2847 with 1 files
[77/1500] uploaded article 2848 with 1 files
[78/1500] uploaded article 2849 with 1 files
[79/1500] uploaded article 285 with 1 files
[80/1500] uploaded article 2850 with 1 files
[81/1500] uploaded article 2851 with 1 files
[82/1500] uploaded article 2852 with 1 files
[84/1500] uploaded article 2854 with 1 files
[83/1500] uploaded article 2853 with 1 files
[85/1500] uploaded article 2855 with 1 files
[86/1500] uploaded article 2856 with 1 files
[87/1500] uploaded article 2857 with 1 files
[88/1500] uploaded article 2858 with 1 files
[90/1500] uploaded article 286 with 1 files
[89/1500] uploaded article 2859 with 1 files
[91/1500] uploaded article 2861 with 1 files
[92/1500] uploaded article 2862 with 1 files
[94/1500] uploaded article 2864 with 1 files
[93/1500] uploaded article 2863 with 1 files
[95/1500] uploaded article 2865 with 1 files
[96/1500] uploaded article 2866 with 1 files
[97/1500] uploaded article 2867 with 1 files
[98/1500] uploaded article 2868 with 1 files
[99/1500] uploaded article 287 with 1 files
[100/1500] uploaded article 2874 with 1 files
[101/1500] uploaded article 2875 with 1 files
[102/1500] uploaded article 2876 with 1 files
[103/1500] uploaded article 2877 with 1 files
[104/1500] uploaded article 2878 with 1 files
[105/1500] uploaded article 2879 with 1 files
[106/1500] uploaded article 288 with 1 files
[108/1500] uploaded article 2881 with 1 files
[107/1500] uploaded article 2880 with 1 files
[109/1500] uploaded article 2882 with 1 files
[111/1500] uploaded article 2884 with 1 files
[112/1500] uploaded article 2885 with 1 files
[110/1500] uploaded article 2883 with 1 files
[113/1500] uploaded article 2886 with 1 files
[114/1500] uploaded article 2887 with 1 files
[115/1500] uploaded article 2888 with 1 files
[116/1500] uploaded article 2889 with 1 files
[117/1500] uploaded article 289 with 1 files
[118/1500] uploaded article 2890 with 1 files
[119/1500] uploaded article 2892 with 1 files
[120/1500] uploaded article 2893 with 1 files
[121/1500] uploaded article 2894 with 1 files
[123/1500] uploaded article 290 with 1 files
[122/1500] uploaded article 2895 with 1 files
[124/1500] uploaded article 2902 with 1 files
[125/1500] uploaded article 2903 with 1 files
[128/1500] uploaded article 2906 with 1 files
[126/1500] uploaded article 2904 with 1 files
[127/1500] uploaded article 2905 with 1 files
[130/1500] uploaded article 2908 with 1 files
[129/1500] uploaded article 2907 with 1 files
[132/1500] uploaded article 291 with 1 files
[131/1500] uploaded article 2909 with 1 files
[133/1500] uploaded article 2910 with 1 files
[135/1500] uploaded article 2912 with 1 files
[134/1500] uploaded article 2911 with 1 files
[136/1500] uploaded article 2913 with 1 files
[137/1500] uploaded article 2914 with 1 files
[140/1500] uploaded article 2917 with 1 files
[139/1500] uploaded article 2916 with 1 files
[138/1500] uploaded article 2915 with 1 files
[141/1500] uploaded article 2918 with 1 files
[143/1500] uploaded article 292 with 1 files
[144/1500] uploaded article 2920 with 1 files
[142/1500] uploaded article 2919 with 1 files
[145/1500] uploaded article 2921 with 1 files
[147/1500] uploaded article 2923 with 1 files
[146/1500] uploaded article 2922 with 1 files
[148/1500] uploaded article 2924 with 1 files
[149/1500] uploaded article 2925 with 1 files
[151/1500] uploaded article 2927 with 1 files
[152/1500] uploaded article 2928 with 1 files
[150/1500] uploaded article 2926 with 1 files
[153/1500] uploaded article 2929 with 1 files
[156/1500] uploaded article 2933 with 1 files
[154/1500] uploaded article 293 with 1 files
[155/1500] uploaded article 2930 with 1 files
[157/1500] uploaded article 2934 with 1 files
[159/1500] uploaded article 2936 with 1 files
[160/1500] uploaded article 2937 with 1 files
[158/1500] uploaded article 2935 with 1 files
[161/1500] uploaded article 2938 with 1 files
[162/1500] uploaded article 2940 with 1 files
[163/1500] uploaded article 2941 with 1 files
[164/1500] uploaded article 2942 with 1 files
[166/1500] uploaded article 2945 with 1 files
[165/1500] uploaded article 2944 with 1 files
[168/1500] uploaded article 2947 with 1 files
[167/1500] uploaded article 2946 with 1 files
[170/1500] uploaded article 2949 with 1 files
[169/1500] uploaded article 2948 with 1 files
[171/1500] uploaded article 2950 with 1 files
[172/1500] uploaded article 2952 with 1 files
[174/1500] uploaded article 2957 with 1 files
[173/1500] uploaded article 2953 with 1 files
[175/1500] uploaded article 2958 with 1 files
[176/1500] uploaded article 2959 with 1 files
[177/1500] uploaded article 2960 with 1 files
[178/1500] uploaded article 2961 with 1 files
[180/1500] uploaded article 2963 with 1 files
[179/1500] uploaded article 2962 with 1 files
[181/1500] uploaded article 2964 with 1 files
[182/1500] uploaded article 2965 with 1 files
[183/1500] uploaded article 2966 with 1 files
[184/1500] uploaded article 2967 with 1 files
[185/1500] uploaded article 2968 with 1 files
[187/1500] uploaded article 2971 with 1 files
[188/1500] uploaded article 2973920133951 with 1 files
[186/1500] uploaded article 2969 with 1 files
[189/1500] uploaded article 2979 with 1 files
[190/1500] uploaded article 298 with 1 files
[191/1500] uploaded article 2980 with 1 files
[192/1500] uploaded article 2981 with 1 files
[193/1500] uploaded article 2982 with 1 files
[194/1500] uploaded article 2983 with 1 files
[195/1500] uploaded article 2984 with 1 files
[196/1500] uploaded article 2985 with 1 files
[197/1500] uploaded article 2986 with 1 files
[198/1500] uploaded article 2987 with 1 files
[199/1500] uploaded article 2988 with 1 files
[200/1500] uploaded article 2989 with 1 files
[201/1500] uploaded article 299 with 1 files
[204/1500] uploaded article 2992 with 1 files
[205/1500] uploaded article 2993 with 1 files
[203/1500] uploaded article 2991 with 1 files
[206/1500] uploaded article 2994 with 1 files
[207/1500] uploaded article 2995 with 1 files
[208/1500] uploaded article 2996 with 1 files
[211/1500] uploaded article 2999 with 1 files
[210/1500] uploaded article 2998 with 1 files
[209/1500] uploaded article 2997 with 1 files
[202/1500] uploaded article 2990 with 1 files
[213/1500] uploaded article 3.0 #010 with 1 files
[214/1500] uploaded article 3.0 #011 with 1 files
[212/1500] uploaded article 3 with 1 files
[215/1500] uploaded article 3.0 #013 with 1 files
[217/1500] uploaded article 3.0 #019 with 1 files
[216/1500] uploaded article 3.0 #016 with 1 files
[218/1500] uploaded article 3.0 #02 with 1 files
[219/1500] uploaded article 3.0 #03 with 1 files
[220/1500] uploaded article 3.0 #04 with 1 files
[221/1500] uploaded article 3.0 #05 with 1 files
[222/1500] uploaded article 3.0 #07 with 1 files
[223/1500] uploaded article 3.0 #08 with 1 files
[227/1500] uploaded article 3.5 #02 with 1 files
[224/1500] uploaded article 3.5 #01 with 1 files
[225/1500] uploaded article 3.5 #013 with 1 files
[226/1500] uploaded article 3.5 #015 with 1 files
[229/1500] uploaded article 3.6#016 with 1 files
[231/1500] uploaded article 3.6#05 with 1 files
[230/1500] uploaded article 3.6#03 with 1 files
[228/1500] uploaded article 3.6 with 1 files
[234/1500] uploaded article 30-20-156 with 1 files
[232/1500] uploaded article 3.6#08 with 1 files
[235/1500] uploaded article 30-20-169 with 1 files
[233/1500] uploaded article 30-09-016 with 1 files
[236/1500] uploaded article 30.36.22812 with 1 files
[237/1500] uploaded article 30.36.22813 with 1 files
[238/1500] uploaded article 30.42.22759 with 1 files
[239/1500] uploaded article 30.42.22760 with 1 files
[241/1500] uploaded article 300 with 1 files
[242/1500] uploaded article 3000 with 1 files
[240/1500] uploaded article 30.42.22766 with 1 files
[243/1500] uploaded article 30037 with 1 files
[245/1500] uploaded article 301 with 1 files
[244/1500] uploaded article 300R with 1 files
[246/1500] uploaded article 30100017 with 1 files
[248/1500] uploaded article 30114832 with 1 files
[247/1500] uploaded article 30114830 with 1 files
[249/1500] uploaded article 30114835 with 1 files
[250/1500] uploaded article 3012-25 with 1 files
[251/1500] uploaded article 3012-30 with 1 files
[252/1500] uploaded article 3012-35 with 1 files
[253/1500] uploaded article 3012030 with 1 files
[254/1500] uploaded article 30120832 with 1 files
[255/1500] uploaded article 30120835 with 1 files
[256/1500] uploaded article 30125025 with 1 files
[257/1500] uploaded article 30125030 with 1 files
[258/1500] uploaded article 30125035 with 1 files
[259/1500] uploaded article 30125825 with 1 files
[260/1500] uploaded article 30125828 with 1 files
[261/1500] uploaded article 30125830 with 1 files
[262/1500] uploaded article 30125832 with 1 files
[264/1500] uploaded article 30125840 with 1 files
[263/1500] uploaded article 30125835 with 1 files
[265/1500] uploaded article 30149010 with 1 files
[266/1500] uploaded article 3016 with 1 files
[267/1500] uploaded article 3019 with 1 files
[268/1500] uploaded article 302 with 1 files
[269/1500] uploaded article 302-002 with 1 files
[270/1500] uploaded article 3020 with 1 files
[271/1500] uploaded article 3021 with 1 files
[272/1500] uploaded article 3022 with 1 files
[273/1500] uploaded article 3022734 with 1 files
[274/1500] uploaded article 3022735 with 1 files
[275/1500] uploaded article 3022736 with 1 files
[276/1500] uploaded article 3022739 with 1 files
[277/1500] uploaded article 3024 with 1 files
[279/1500] uploaded article 3024-30 with 1 files
[278/1500] uploaded article 3024-25 with 1 files
[280/1500] uploaded article 3025 with 1 files
[281/1500] uploaded article 3026 with 1 files
[282/1500] uploaded article 3027 with 1 files
[283/1500] uploaded article 3028 with 1 files
[285/1500] uploaded article 303 with 1 files
[284/1500] uploaded article 3029 with 1 files
[287/1500] uploaded article 3031 with 1 files
[286/1500] uploaded article 3030 with 1 files
[289/1500] uploaded article 3032-30 with 1 files
[288/1500] uploaded article 3032 with 1 files
[290/1500] uploaded article 3032-35 with 1 files
[293/1500] uploaded article 3035 with 1 files
[291/1500] uploaded article 3033 with 1 files
[292/1500] uploaded article 3034 with 1 files
[294/1500] uploaded article 3036 with 1 files
[295/1500] uploaded article 303753-03L with 1 files
[296/1500] uploaded article 3038 with 1 files
[297/1500] uploaded article 304 with 1 files
[298/1500] uploaded article 3040 with 1 files
[299/1500] uploaded article 3041 with 1 files
[300/1500] uploaded article 3042 with 1 files
[301/1500] uploaded article 3043 with 1 files
[303/1500] uploaded article 3045 with 1 files
[302/1500] uploaded article 3044 with 1 files
[304/1500] uploaded article 3048 with 1 files
[305/1500] uploaded article 3049 with 1 files
[306/1500] uploaded article 305 with 1 files
[307/1500] uploaded article 3050 with 1 files
[308/1500] uploaded article 3050-20 with 1 files
[309/1500] uploaded article 3050-22 with 1 files
[310/1500] uploaded article 3050-25 with 1 files
[312/1500] uploaded article 3050-30 with 1 files
[313/1500] uploaded article 3050-35 with 1 files
[311/1500] uploaded article 3050-28 with 1 files
[314/1500] uploaded article 3051 with 1 files
[315/1500] uploaded article 3053 with 1 files
[316/1500] uploaded article 3054 with 1 files
[317/1500] uploaded article 3056 with 1 files
[318/1500] uploaded article 3057 with 1 files
[319/1500] uploaded article 3059 with 1 files
[320/1500] uploaded article 306 with 1 files
[321/1500] uploaded article 3060 with 1 files
[322/1500] uploaded article 3061 with 1 files
[323/1500] uploaded article 3062 with 1 files
[324/1500] uploaded article 3063 with 1 files
[325/1500] uploaded article 3064 with 1 files
[326/1500] uploaded article 3065 with 1 files
[328/1500] uploaded article 3067 with 1 files
[327/1500] uploaded article 3066 with 1 files
[329/1500] uploaded article 3069 with 1 files
[330/1500] uploaded article 307 with 1 files
[331/1500] uploaded article 3070 with 1 files
[332/1500] uploaded article 3074 with 1 files
[333/1500] uploaded article 3075 with 1 files
[334/1500] uploaded article 3076 with 1 files
[335/1500] uploaded article 3077 with 1 files
[336/1500] uploaded article 3078 with 1 files
[337/1500] uploaded article 308 with 1 files
[338/1500] uploaded article 3083 with 1 files
[339/1500] uploaded article 3084 with 1 files
[340/1500] uploaded article 3085 with 1 files
[341/1500] uploaded article 3086 with 1 files
[342/1500] uploaded article 3088 with 1 files
[343/1500] uploaded article 3089 with 1 files
[344/1500] uploaded article 309 with 1 files
[345/1500] uploaded article 3090 with 1 files
[346/1500] uploaded article 3092 with 1 files
[347/1500] uploaded article 3093 with 1 files
[348/1500] uploaded article 3096 with 1 files
[349/1500] uploaded article 3097 with 1 files
[350/1500] uploaded article 3098 with 1 files
[351/1500] uploaded article 3099 with 1 files
[354/1500] uploaded article 3100 with 1 files
[352/1500] uploaded article 31.03.39 with 1 files
[353/1500] uploaded article 31.99.20 with 1 files
[355/1500] uploaded article 3101 with 1 files
[356/1500] uploaded article 3102 with 1 files
[359/1500] uploaded article 3105 with 1 files
[357/1500] uploaded article 3103 with 1 files
[360/1500] uploaded article 3106 with 1 files
[358/1500] uploaded article 3104 with 1 files
[364/1500] uploaded article 3110 with 1 files
[361/1500] uploaded article 3107 with 1 files
[363/1500] uploaded article 3109 with 1 files
[362/1500] uploaded article 3108 with 1 files
[365/1500] uploaded article 3111 with 1 files
[366/1500] uploaded article 3112 with 1 files
[367/1500] uploaded article 3113 with 1 files
[368/1500] uploaded article 3118 with 1 files
[369/1500] uploaded article 3119 with 1 files
[370/1500] uploaded article 3120 with 1 files
[372/1500] uploaded article 3122 with 1 files
[371/1500] uploaded article 3121 with 1 files
[373/1500] uploaded article 3123 with 1 files
[374/1500] uploaded article 3124 with 1 files
[375/1500] uploaded article 3125 with 1 files
[376/1500] uploaded article 3126 with 1 files
[377/1500] uploaded article 3127 with 1 files
[378/1500] uploaded article 3128 with 1 files
[380/1500] uploaded article 3130 with 1 files
[379/1500] uploaded article 3129 with 1 files
[381/1500] uploaded article 3131 with 1 files
[382/1500] uploaded article 3132 with 1 files
[383/1500] uploaded article 3133 with 1 files
[384/1500] uploaded article 3134 with 1 files
[385/1500] uploaded article 3135 with 1 files
[386/1500] uploaded article 3136 with 1 files
[387/1500] uploaded article 3137 with 1 files
[388/1500] uploaded article 3138 with 1 files
[389/1500] uploaded article 3139 with 1 files
[390/1500] uploaded article 3140 with 1 files
[392/1500] uploaded article 3143 with 1 files
[393/1500] uploaded article 3144 with 1 files
[394/1500] uploaded article 3145 with 1 files
[391/1500] uploaded article 3142 with 1 files
[395/1500] uploaded article 3146 with 1 files
[396/1500] uploaded article 3147 with 1 files
[397/1500] uploaded article 3148 with 1 files
[399/1500] uploaded article 3150 with 1 files
[398/1500] uploaded article 3149 with 1 files
[400/1500] uploaded article 3151 with 1 files
[401/1500] uploaded article 3152 with 1 files
[402/1500] uploaded article 3155 with 1 files
[403/1500] uploaded article 3156 with 1 files
[404/1500] uploaded article 3157 with 1 files
[405/1500] uploaded article 3158 with 1 files
[406/1500] uploaded article 3160 with 1 files
[407/1500] uploaded article 3161 with 1 files
[408/1500] uploaded article 3162 with 1 files
[409/1500] uploaded article 3163 with 1 files
[410/1500] uploaded article 3164 with 1 files
[411/1500] uploaded article 3165 with 1 files
[412/1500] uploaded article 3167 with 1 files
[413/1500] uploaded article 3168 with 1 files
[415/1500] uploaded article 3175 with 1 files
[414/1500] uploaded article 3170 with 1 files
[417/1500] uploaded article 3177 with 1 files
[416/1500] uploaded article 3176 with 1 files
[418/1500] uploaded article 3178 with 1 files
[419/1500] uploaded article 3179 with 1 files
[420/1500] uploaded article 318 with 1 files
[421/1500] uploaded article 3180 with 1 files
[422/1500] uploaded article 3182 with 1 files
[423/1500] uploaded article 3183 with 1 files
[425/1500] uploaded article 3185 with 1 files
[424/1500] uploaded article 3184 with 1 files
[426/1500] uploaded article 3186 with 1 files
[427/1500] uploaded article 3187 with 1 files
[429/1500] uploaded article 3189 with 1 files
[428/1500] uploaded article 3188 with 1 files
[430/1500] uploaded article 319 with 1 files
[431/1500] uploaded article 3194 with 1 files
[433/1500] uploaded article 3196 with 1 files
[432/1500] uploaded article 3195 with 1 files
[434/1500] uploaded article 3197 with 1 files
[435/1500] uploaded article 3198 with 1 files
[436/1500] uploaded article 3199 with 1 files
[437/1500] uploaded article 320 with 1 files
[438/1500] uploaded article 3202 with 1 files
[439/1500] uploaded article 3203 with 1 files
[440/1500] uploaded article 3204 with 1 files
[441/1500] uploaded article 3205 with 1 files
[442/1500] uploaded article 3206 with 1 files
[443/1500] uploaded article 32060011 with 1 files
[444/1500] uploaded article 3207 with 1 files
[445/1500] uploaded article 3208 with 1 files
[446/1500] uploaded article 3209 with 1 files
[447/1500] uploaded article 321 with 1 files
[448/1500] uploaded article 3210 with 1 files
[449/1500] uploaded article 3211 with 1 files
[450/1500] uploaded article 3212 with 1 files
[451/1500] uploaded article 3213 with 1 files
[452/1500] uploaded article 3214 with 1 files
[453/1500] uploaded article 3215 with 1 files
[454/1500] uploaded article 3218 with 1 files
[456/1500] uploaded article 322 with 1 files
[455/1500] uploaded article 3219 with 1 files
[457/1500] uploaded article 3220 with 1 files
[458/1500] uploaded article 3223 with 1 files
[459/1500] uploaded article 3224 with 1 files
[460/1500] uploaded article 3226 with 1 files
[461/1500] uploaded article 3227 with 1 files
[462/1500] uploaded article 3229 with 1 files
[463/1500] uploaded article 323 with 1 files
[465/1500] uploaded article 3231 with 1 files
[464/1500] uploaded article 3230 with 1 files
[467/1500] uploaded article 3235 with 1 files
[466/1500] uploaded article 3234 with 1 files
[468/1500] uploaded article 3236 with 1 files
[469/1500] uploaded article 3236571 with 1 files
[470/1500] uploaded article 3236600 with 1 files
[471/1500] uploaded article 3236601 with 1 files
[472/1500] uploaded article 3237 with 1 files
[473/1500] uploaded article 3239 with 1 files
[475/1500] uploaded article 3240 with 1 files
[474/1500] uploaded article 324 with 1 files
[476/1500] uploaded article 3241 with 1 files
[477/1500] uploaded article 3242 with 1 files
[479/1500] uploaded article 3244 with 1 files
[481/1500] uploaded article 3246 with 1 files
[478/1500] uploaded article 3243 with 1 files
[480/1500] uploaded article 3245 with 1 files
[483/1500] uploaded article 3248 with 1 files
[482/1500] uploaded article 3247 with 1 files
[484/1500] uploaded article 3249 with 1 files
[485/1500] uploaded article 325 with 1 files
[488/1500] uploaded article 3252 with 1 files
[487/1500] uploaded article 3251 with 1 files
[486/1500] uploaded article 3250 with 1 files
[489/1500] uploaded article 3253 with 1 files
[490/1500] uploaded article 326 with 1 files
[491/1500] uploaded article 3260 with 1 files
[492/1500] uploaded article 3265 with 1 files
[493/1500] uploaded article 3265001 with 1 files
[494/1500] uploaded article 3265002 with 1 files
[495/1500] uploaded article 3266 with 1 files
[496/1500] uploaded article 3267 with 1 files
[497/1500] uploaded article 3268 with 1 files
[498/1500] uploaded article 327 with 1 files
[499/1500] uploaded article 3270 with 1 files
[501/1500] uploaded article 3272 with 1 files
[500/1500] uploaded article 3271 with 1 files
[502/1500] uploaded article 3273 with 1 files
[505/1500] uploaded article 3276 with 1 files
[503/1500] uploaded article 3274 with 1 files
[504/1500] uploaded article 3275 with 1 files
[506/1500] uploaded article 3279 with 1 files
[508/1500] uploaded article 3280 with 1 files
[509/1500] uploaded article 3281 with 1 files
[507/1500] uploaded article 328 with 1 files
[510/1500] uploaded article 3282 with 1 files
[511/1500] uploaded article 3284 with 1 files
[512/1500] uploaded article 3285 with 1 files
[513/1500] uploaded article 3286 with 1 files
[514/1500] uploaded article 3287 with 1 files
[515/1500] uploaded article 3288 with 1 files
[516/1500] uploaded article 3289 with 1 files
[517/1500] uploaded article 329 with 1 files
[518/1500] uploaded article 3290 with 1 files
[519/1500] uploaded article 3291 with 1 files
[520/1500] uploaded article 3292 with 1 files
[521/1500] uploaded article 3298 with 1 files
[522/1500] uploaded article 3299 with 1 files
[523/1500] uploaded article 33 with 1 files
[524/1500] uploaded article 33-0808 with 1 files
[525/1500] uploaded article 330 with 1 files
[526/1500] uploaded article 3300 with 1 files
[529/1500] uploaded article 3303 with 1 files
[528/1500] uploaded article 3302 with 1 files
[527/1500] uploaded article 3301 with 1 files
[530/1500] uploaded article 3305 with 1 files
[532/1500] uploaded article 3307 with 1 files
[531/1500] uploaded article 3306 with 1 files
[533/1500] uploaded article 331 with 1 files
[534/1500] uploaded article 3312 with 1 files
[536/1500] uploaded article 3314 with 1 files
[537/1500] uploaded article 3315 with 1 files
[535/1500] uploaded article 3313 with 1 files
[538/1500] uploaded article 3316 with 1 files
[539/1500] uploaded article 3317 with 1 files
[540/1500] uploaded article 3318 with 1 files
[541/1500] uploaded article 332 with 1 files
[542/1500] uploaded article 3322 with 1 files
[543/1500] uploaded article 3323 with 1 files
[544/1500] uploaded article 3324 with 1 files
[545/1500] uploaded article 3325 with 1 files
[546/1500] uploaded article 3326 with 1 files
[547/1500] uploaded article 3327 with 1 files
[548/1500] uploaded article 3328 with 1 files
[549/1500] uploaded article 3329 with 1 files
[550/1500] uploaded article 333 with 1 files
[551/1500] uploaded article 3330 with 1 files
[552/1500] uploaded article 3331 with 1 files
[554/1500] uploaded article 3333 with 1 files
[553/1500] uploaded article 3332 with 1 files
[555/1500] uploaded article 3334 with 1 files
[556/1500] uploaded article 3335 with 1 files
[557/1500] uploaded article 3336 with 1 files
[558/1500] uploaded article 3337 with 1 files
[560/1500] uploaded article 3339 with 1 files
[561/1500] uploaded article 334 with 1 files
[562/1500] uploaded article 3341 with 1 files
[563/1500] uploaded article 3342 with 1 files
[564/1500] uploaded article 3343 with 1 files
[565/1500] uploaded article 3344 with 1 files
[566/1500] uploaded article 3345 with 1 files
[567/1500] uploaded article 3347 with 1 files
[568/1500] uploaded article 3348 with 1 files
[559/1500] uploaded article 3338 with 1 files
[569/1500] uploaded article 3349 with 1 files
[570/1500] uploaded article 335 with 1 files
[571/1500] uploaded article 3350 with 1 files
[572/1500] uploaded article 3351 with 1 files
[573/1500] uploaded article 3352 with 1 files
[574/1500] uploaded article 3353 with 1 files
[575/1500] uploaded article 3354 with 1 files
[576/1500] uploaded article 3355 with 1 files
[577/1500] uploaded article 3356 with 1 files
[578/1500] uploaded article 3357 with 1 files
[581/1500] uploaded article 3360 with 1 files
[582/1500] uploaded article 3361 with 1 files
[579/1500] uploaded article 3358 with 1 files
[580/1500] uploaded article 336 with 1 files
[583/1500] uploaded article 3362 with 1 files
[584/1500] uploaded article 3363 with 1 files
[586/1500] uploaded article 3365 with 1 files
[585/1500] uploaded article 3364 with 1 files
[587/1500] uploaded article 3366 with 1 files
[588/1500] uploaded article 3367 with 1 files
[589/1500] uploaded article 3368 with 1 files
[590/1500] uploaded article 3369 with 1 files
[591/1500] uploaded article 337 with 1 files
[592/1500] uploaded article 3370 with 1 files
[593/1500] uploaded article 3371 with 1 files
[594/1500] uploaded article 3372 with 1 files
[595/1500] uploaded article 3373 with 1 files
[596/1500] uploaded article 3374 with 1 files
[597/1500] uploaded article 3375 with 1 files
[598/1500] uploaded article 3376 with 1 files
[599/1500] uploaded article 3377 with 1 files
[600/1500] uploaded article 3378 with 1 files
[601/1500] uploaded article 3379 with 1 files
[602/1500] uploaded article 338 with 1 files
[603/1500] uploaded article 3380 with 1 files
[604/1500] uploaded article 3381 with 1 files
[605/1500] uploaded article 3382 with 1 files
[607/1500] uploaded article 3384 with 1 files
[606/1500] uploaded article 3383 with 1 files
[608/1500] uploaded article 3385 with 1 files
[609/1500] uploaded article 3386 with 1 files
[611/1500] uploaded article 3388 with 1 files
[610/1500] uploaded article 3387 with 1 files
[612/1500] uploaded article 3389 with 1 files
[613/1500] uploaded article 339 with 1 files
[614/1500] uploaded article 3390 with 1 files
[615/1500] uploaded article 3391 with 1 files
[616/1500] uploaded article 3392 with 1 files
[617/1500] uploaded article 3393 with 1 files
[619/1500] uploaded article 3395 with 1 files
[618/1500] uploaded article 3394 with 1 files
[620/1500] uploaded article 3396 with 1 files
[621/1500] uploaded article 3397 with 1 files
[623/1500] uploaded article 3399 with 1 files
[622/1500] uploaded article 3398 with 1 files
[624/1500] uploaded article 34 with 1 files
[625/1500] uploaded article 340 with 1 files
[626/1500] uploaded article 3400 with 1 files
[627/1500] uploaded article 3401 with 1 files
[628/1500] uploaded article 3402 with 1 files
[629/1500] uploaded article 3403 with 1 files
[631/1500] uploaded article 3406 with 1 files
[630/1500] uploaded article 3405 with 1 files
[632/1500] uploaded article 3409 with 1 files
[633/1500] uploaded article 341 with 1 files
[634/1500] uploaded article 3410 with 1 files
[636/1500] uploaded article 3412 with 1 files
[639/1500] uploaded article 3419 with 1 files
[637/1500] uploaded article 3413 with 1 files
[638/1500] uploaded article 3416 with 1 files
[640/1500] uploaded article 342 with 1 files
[635/1500] uploaded article 3411 with 1 files
[641/1500] uploaded article 3420 with 1 files
[642/1500] uploaded article 3421 with 1 files
[643/1500] uploaded article 3422 with 1 files
[644/1500] uploaded article 3423 with 1 files
[645/1500] uploaded article 3424 with 1 files
[646/1500] uploaded article 3427 with 1 files
[647/1500] uploaded article 3428 with 1 files
[648/1500] uploaded article 3429 with 1 files
[649/1500] uploaded article 343 with 1 files
[650/1500] uploaded article 3430 with 1 files
[651/1500] uploaded article 3431 with 1 files
[652/1500] uploaded article 3432 with 1 files
[654/1500] uploaded article 3435 with 1 files
[653/1500] uploaded article 3434 with 1 files
[655/1500] uploaded article 3436 with 1 files
[656/1500] uploaded article 3437 with 1 files
[658/1500] uploaded article 344 with 1 files
[657/1500] uploaded article 3439 with 1 files
[659/1500] uploaded article 3440 with 1 files
[660/1500] uploaded article 3441 with 1 files
[662/1500] uploaded article 3445 with 1 files
[661/1500] uploaded article 3442 with 1 files
[663/1500] uploaded article 3446 with 1 files
[665/1500] uploaded article 3448 with 1 files
[666/1500] uploaded article 3449 with 1 files
[667/1500] uploaded article 345 with 1 files
[664/1500] uploaded article 3447 with 1 files
[668/1500] uploaded article 3450 with 1 files
[669/1500] uploaded article 3451 with 1 files
[671/1500] uploaded article 3453 with 1 files
[670/1500] uploaded article 3452 with 1 files
[672/1500] uploaded article 3454 with 1 files
[673/1500] uploaded article 3455 with 1 files
[675/1500] uploaded article 3457 with 1 files
[674/1500] uploaded article 3456 with 1 files
[676/1500] uploaded article 3458 with 1 files
[677/1500] uploaded article 3459 with 1 files
[679/1500] uploaded article 3460 with 1 files
[678/1500] uploaded article 346 with 1 files
[680/1500] uploaded article 3461 with 1 files
[681/1500] uploaded article 3462 with 1 files
[683/1500] uploaded article 3464 with 1 files
[682/1500] uploaded article 3463 with 1 files
[684/1500] uploaded article 3465 with 1 files
[685/1500] uploaded article 3466 with 1 files
[687/1500] uploaded article 3468 with 1 files
[688/1500] uploaded article 3469 with 1 files
[686/1500] uploaded article 3467 with 1 files
[689/1500] uploaded article 347 with 1 files
[690/1500] uploaded article 3470 with 1 files
[692/1500] uploaded article 3472 with 1 files
[693/1500] uploaded article 3473 with 1 files
[691/1500] uploaded article 3471 with 1 files
[695/1500] uploaded article 3475 with 1 files
[696/1500] uploaded article 3476 with 1 files
[694/1500] uploaded article 3474 with 1 files
[697/1500] uploaded article 3477 with 1 files
[699/1500] uploaded article 3479 with 1 files
[700/1500] uploaded article 348 with 1 files
[701/1500] uploaded article 3480 with 1 files
[698/1500] uploaded article 3478 with 1 files
[705/1500] uploaded article 3484 with 1 files
[704/1500] uploaded article 3483 with 1 files
[702/1500] uploaded article 3481 with 1 files
[703/1500] uploaded article 3482 with 1 files
[707/1500] uploaded article 3486 with 1 files
[709/1500] uploaded article 3489 with 1 files
[708/1500] uploaded article 3488 with 1 files
[706/1500] uploaded article 3485 with 1 files
[712/1500] uploaded article 3491 with 1 files
[711/1500] uploaded article 3490 with 1 files
[715/1500] uploaded article 3495 with 1 files
[710/1500] uploaded article 349 with 1 files
[713/1500] uploaded article 3492 with 1 files
[714/1500] uploaded article 3494 with 1 files
[718/1500] uploaded article 3498 with 1 files
[716/1500] uploaded article 3496 with 1 files
[717/1500] uploaded article 3497 with 1 files
[719/1500] uploaded article 3499 with 1 files
[721/1500] uploaded article 350 with 1 files
[720/1500] uploaded article 35 with 1 files
[722/1500] uploaded article 3500 with 1 files
[723/1500] uploaded article 3501 with 1 files
[725/1500] uploaded article 3504 with 1 files
[724/1500] uploaded article 3503 with 1 files
[726/1500] uploaded article 3505 with 1 files
[727/1500] uploaded article 3507 with 1 files
[729/1500] uploaded article 351 with 1 files
[728/1500] uploaded article 3508 with 1 files
[732/1500] uploaded article 3517 with 1 files
[733/1500] uploaded article 3518 with 1 files
[730/1500] uploaded article 3512 with 1 files
[731/1500] uploaded article 3515 with 1 files
[734/1500] uploaded article 3519 with 1 files
[735/1500] uploaded article 352 with 1 files
[736/1500] uploaded article 3520 with 1 files
[737/1500] uploaded article 3521 with 1 files
[739/1500] uploaded article 3523 with 1 files
[738/1500] uploaded article 3522 with 1 files
[740/1500] uploaded article 3524 with 1 files
[741/1500] uploaded article 3525 with 1 files
[743/1500] uploaded article 353 with 1 files
[742/1500] uploaded article 3526 with 1 files
[744/1500] uploaded article 3535 with 1 files
[745/1500] uploaded article 3536 with 1 files
[747/1500] uploaded article 3538 with 1 files
[746/1500] uploaded article 3537 with 1 files
[748/1500] uploaded article 3539 with 1 files
[749/1500] uploaded article 354 with 1 files
[751/1500] uploaded article 3541 with 1 files
[750/1500] uploaded article 3540 with 1 files
[752/1500] uploaded article 3542 with 1 files
[754/1500] uploaded article 3544 with 1 files
[753/1500] uploaded article 3543 with 1 files
[755/1500] uploaded article 3545 with 1 files
[756/1500] uploaded article 3549 with 1 files
[758/1500] uploaded article 3550 with 1 files
[757/1500] uploaded article 355 with 1 files
[759/1500] uploaded article 3551 with 1 files
[760/1500] uploaded article 3552 with 1 files
[762/1500] uploaded article 3554 with 1 files
[761/1500] uploaded article 3553 with 1 files
[763/1500] uploaded article 3555 with 1 files
[764/1500] uploaded article 3556 with 1 files
[765/1500] uploaded article 3557 with 1 files
[767/1500] uploaded article 3559 with 1 files
[766/1500] uploaded article 3558 with 1 files
[768/1500] uploaded article 356 with 1 files
[771/1500] uploaded article 3562 with 1 files
[770/1500] uploaded article 3561 with 1 files
[769/1500] uploaded article 3560 with 1 files
[772/1500] uploaded article 3563 with 1 files
[774/1500] uploaded article 3565 with 1 files
[773/1500] uploaded article 3564 with 1 files
[775/1500] uploaded article 3566 with 1 files
[776/1500] uploaded article 3567 with 1 files
[778/1500] uploaded article 3569 with 1 files
[777/1500] uploaded article 3568 with 1 files
[779/1500] uploaded article 357 with 1 files
[780/1500] uploaded article 3570 with 1 files
[782/1500] uploaded article 3572 with 1 files
[781/1500] uploaded article 3571 with 1 files
[783/1500] uploaded article 3573 with 1 files
[784/1500] uploaded article 3574 with 1 files
[786/1500] uploaded article 3576 with 1 files
[785/1500] uploaded article 3575 with 1 files
[787/1500] uploaded article 3577 with 1 files
[788/1500] uploaded article 3578 with 1 files
[789/1500] uploaded article 3579 with 1 files
[790/1500] uploaded article 358 with 1 files
[792/1500] uploaded article 3581 with 1 files
[791/1500] uploaded article 3580 with 1 files
[793/1500] uploaded article 3582 with 1 files
[794/1500] uploaded article 3583 with 1 files
[795/1500] uploaded article 3584 with 1 files
[796/1500] uploaded article 3585 with 1 files
[798/1500] uploaded article 3587 with 1 files
[797/1500] uploaded article 3586 with 1 files
[799/1500] uploaded article 3588 with 1 files
[800/1500] uploaded article 3589 with 1 files
[801/1500] uploaded article 359 with 1 files
[802/1500] uploaded article 3590 with 1 files
[804/1500] uploaded article 3592 with 1 files
[803/1500] uploaded article 3591 with 1 files
[805/1500] uploaded article 3593 with 1 files
[806/1500] uploaded article 3594 with 1 files
[807/1500] uploaded article 3595 with 1 files
[808/1500] uploaded article 3596 with 1 files
[809/1500] uploaded article 3597 with 1 files
[811/1500] uploaded article 3599 with 1 files
[810/1500] uploaded article 3598 with 1 files
[812/1500] uploaded article 36 with 1 files
[813/1500] uploaded article 360 with 1 files
[815/1500] uploaded article 3601 with 1 files
[814/1500] uploaded article 3600 with 1 files
[816/1500] uploaded article 3602 with 1 files
[817/1500] uploaded article 3603 with 1 files
[819/1500] uploaded article 3605 with 1 files
[818/1500] uploaded article 3604 with 1 files
[820/1500] uploaded article 3606 with 1 files
[821/1500] uploaded article 3607 with 1 files
[822/1500] uploaded article 3608 with 1 files
[823/1500] uploaded article 3609 with 1 files
[824/1500] uploaded article 361 with 1 files
[825/1500] uploaded article 3610 with 1 files
[826/1500] uploaded article 3611 with 1 files
[827/1500] uploaded article 3612 with 1 files
[828/1500] uploaded article 3613 with 1 files
[829/1500] uploaded article 3614 with 1 files
[831/1500] uploaded article 3616 with 1 files
[830/1500] uploaded article 3615 with 1 files
[832/1500] uploaded article 3617 with 1 files
[834/1500] uploaded article 3619 with 1 files
[833/1500] uploaded article 3618 with 1 files
[835/1500] uploaded article 362 with 1 files
[836/1500] uploaded article 3620 with 1 files
[839/1500] uploaded article 3623 with 1 files
[837/1500] uploaded article 3621 with 1 files
[838/1500] uploaded article 3622 with 1 files
[840/1500] uploaded article 3624 with 1 files
[842/1500] uploaded article 3626 with 1 files
[841/1500] uploaded article 3625 with 1 files
[843/1500] uploaded article 3627 with 1 files
[844/1500] uploaded article 3628 with 1 files
[846/1500] uploaded article 363 with 1 files
[847/1500] uploaded article 3630 with 1 files
[848/1500] uploaded article 3631 with 1 files
[849/1500] uploaded article 3632 with 1 files
[850/1500] uploaded article 3633 with 1 files
[851/1500] uploaded article 3634 with 1 files
[845/1500] uploaded article 3629 with 1 files
[852/1500] uploaded article 3635 with 1 files
[853/1500] uploaded article 3636 with 1 files
[854/1500] uploaded article 3637 with 1 files
[855/1500] uploaded article 3638 with 1 files
[856/1500] uploaded article 3639 with 1 files
[857/1500] uploaded article 364 with 1 files
[858/1500] uploaded article 3640 with 1 files
[859/1500] uploaded article 3641 with 1 files
[860/1500] uploaded article 3642 with 1 files
[861/1500] uploaded article 3643 with 1 files
[862/1500] uploaded article 3644 with 1 files
[863/1500] uploaded article 3645 with 1 files
[865/1500] uploaded article 3647 with 1 files
[864/1500] uploaded article 3646 with 1 files
[866/1500] uploaded article 3648 with 1 files
[867/1500] uploaded article 3649 with 1 files
[868/1500] uploaded article 365 with 1 files
[869/1500] uploaded article 3650 with 1 files
[870/1500] uploaded article 3651 with 1 files
[871/1500] uploaded article 3652 with 1 files
[872/1500] uploaded article 3653 with 1 files
[873/1500] uploaded article 3654 with 1 files
[874/1500] uploaded article 3656 with 1 files
[875/1500] uploaded article 3657 with 1 files
[876/1500] uploaded article 366 with 1 files
[877/1500] uploaded article 3661 with 1 files
[879/1500] uploaded article 3663 with 1 files
[878/1500] uploaded article 3662 with 1 files
[880/1500] uploaded article 3664 with 1 files
[881/1500] uploaded article 3665 with 1 files
[882/1500] uploaded article 3666 with 1 files
[883/1500] uploaded article 3667 with 1 files
[884/1500] uploaded article 3668 with 1 files
[885/1500] uploaded article 3669 with 1 files
[887/1500] uploaded article 3670 with 1 files
[886/1500] uploaded article 367 with 1 files
[888/1500] uploaded article 3671 with 1 files
[889/1500] uploaded article 3672 with 1 files
[890/1500] uploaded article 3673 with 1 files
[891/1500] uploaded article 3674 with 1 files
[892/1500] uploaded article 3675 with 1 files
[893/1500] uploaded article 3676 with 1 files
[894/1500] uploaded article 3677 with 1 files
[895/1500] uploaded article 3678 with 1 files
[896/1500] uploaded article 3679 with 1 files
[897/1500] uploaded article 368 with 1 files
[899/1500] uploaded article 3681 with 1 files
[898/1500] uploaded article 3680 with 1 files
[900/1500] uploaded article 3682 with 1 files
[901/1500] uploaded article 3683 with 1 files
[902/1500] uploaded article 3684 with 1 files
[903/1500] uploaded article 369 with 1 files
[904/1500] uploaded article 3692 with 1 files
[905/1500] uploaded article 3694 with 1 files
[906/1500] uploaded article 3695 with 1 files
[907/1500] uploaded article 3696 with 1 files
[908/1500] uploaded article 3697 with 1 files
[909/1500] uploaded article 3698 with 1 files
[912/1500] uploaded article 370 with 1 files
[910/1500] uploaded article 3699 with 1 files
[911/1500] uploaded article 37 with 1 files
[913/1500] uploaded article 3700 with 1 files
[914/1500] uploaded article 3701 with 1 files
[915/1500] uploaded article 3702 with 1 files
[916/1500] uploaded article 3704 with 1 files
[917/1500] uploaded article 3705 with 1 files
[919/1500] uploaded article 3707 with 1 files
[918/1500] uploaded article 3706 with 1 files
[920/1500] uploaded article 3708 with 1 files
[921/1500] uploaded article 3709 with 1 files
[924/1500] uploaded article 3711 with 1 files
[922/1500] uploaded article 371 with 1 files
[923/1500] uploaded article 3710 with 1 files
[925/1500] uploaded article 3712 with 1 files
[927/1500] uploaded article 3714 with 1 files
[926/1500] uploaded article 3713 with 1 files
[928/1500] uploaded article 3715 with 1 files
[931/1500] uploaded article 3718 with 1 files
[930/1500] uploaded article 3717 with 1 files
[932/1500] uploaded article 3719 with 1 files
[929/1500] uploaded article 3716 with 1 files
[935/1500] uploaded article 3721 with 1 files
[934/1500] uploaded article 3720 with 1 files
[933/1500] uploaded article 372 with 1 files
[936/1500] uploaded article 3722 with 1 files
[937/1500] uploaded article 3723 with 1 files
[939/1500] uploaded article 3725 with 1 files
[938/1500] uploaded article 3724 with 1 files
[942/1500] uploaded article 3728 with 1 files
[943/1500] uploaded article 3729 with 1 files
[941/1500] uploaded article 3727 with 1 files
[940/1500] uploaded article 3726 with 1 files
[945/1500] uploaded article 3731 with 1 files
[944/1500] uploaded article 3730 with 1 files
[946/1500] uploaded article 3734 with 1 files
[947/1500] uploaded article 3735 with 1 files
[948/1500] uploaded article 3736 with 1 files
[949/1500] uploaded article 3737 with 1 files
[950/1500] uploaded article 3738 with 1 files
[951/1500] uploaded article 3739 with 1 files
[954/1500] uploaded article 3743 with 1 files
[953/1500] uploaded article 3742 with 1 files
[952/1500] uploaded article 3741 with 1 files
[955/1500] uploaded article 3744 with 1 files
[958/1500] uploaded article 3749 with 1 files
[957/1500] uploaded article 3747 with 1 files
[956/1500] uploaded article 3746 with 1 files
[959/1500] uploaded article 375 with 1 files
[960/1500] uploaded article 3753 with 1 files
[961/1500] uploaded article 3754 with 1 files
[962/1500] uploaded article 3755 with 1 files
[963/1500] uploaded article 3756 with 1 files
[964/1500] uploaded article 3757 with 1 files
[966/1500] uploaded article 3765 with 1 files
[965/1500] uploaded article 376 with 1 files
[968/1500] uploaded article 3768 with 1 files
[969/1500] uploaded article 3769 with 1 files
[970/1500] uploaded article 3770 with 1 files
[967/1500] uploaded article 3767 with 1 files
[974/1500] uploaded article 3774 with 1 files
[971/1500] uploaded article 3771 with 1 files
[972/1500] uploaded article 3772 with 1 files
[973/1500] uploaded article 3773 with 1 files
[977/1500] uploaded article 3777 with 1 files
[978/1500] uploaded article 3778 with 1 files
[975/1500] uploaded article 3775 with 1 files
[976/1500] uploaded article 3776 with 1 files
[980/1500] uploaded article 3780 with 1 files
[982/1500] uploaded article 3783 with 1 files
[981/1500] uploaded article 3781 with 1 files
[979/1500] uploaded article 3779 with 1 files
[984/1500] uploaded article 3788 with 1 files
[983/1500] uploaded article 3785 with 1 files
[986/1500] uploaded article 3790 with 1 files
[985/1500] uploaded article 3789 with 1 files
[989/1500] uploaded article 3793 with 1 files
[990/1500] uploaded article 3794 with 1 files
[988/1500] uploaded article 3792 with 1 files
[987/1500] uploaded article 3791 with 1 files
[991/1500] uploaded article 3795 with 1 files
[992/1500] uploaded article 3796 with 1 files
[993/1500] uploaded article 3797 with 1 files
[994/1500] uploaded article 3798 with 1 files
[995/1500] uploaded article 3799 with 1 files
[997/1500] uploaded article 3800 with 1 files
[996/1500] uploaded article 38 with 1 files
[998/1500] uploaded article 3801 with 1 files
[999/1500] uploaded article 3804 with 1 files
[1000/1500] uploaded article 3805 with 1 files
[1001/1500] uploaded article 3806 with 1 files
[1002/1500] uploaded article 3807 with 1 files
[1003/1500] uploaded article 3808 with 1 files
[1005/1500] uploaded article 3810 with 1 files
[1006/1500] uploaded article 3811 with 1 files
[1004/1500] uploaded article 3809 with 1 files
[1007/1500] uploaded article 3812 with 1 files
[1008/1500] uploaded article 3813 with 1 files
[1009/1500] uploaded article 3814 with 1 files
[1010/1500] uploaded article 3815 with 1 files
[1011/1500] uploaded article 3816 with 1 files
[1012/1500] uploaded article 3817 with 1 files
[1013/1500] uploaded article 3820 with 1 files
[1014/1500] uploaded article 3821 with 1 files
[1015/1500] uploaded article 3822 with 1 files
[1016/1500] uploaded article 3823 with 1 files
[1018/1500] uploaded article 3825 with 1 files
[1017/1500] uploaded article 3824 with 1 files
[1020/1500] uploaded article 3827 with 1 files
[1019/1500] uploaded article 3826 with 1 files
[1021/1500] uploaded article 3828 with 1 files
[1022/1500] uploaded article 3829 with 1 files
[1024/1500] uploaded article 3831 with 1 files
[1023/1500] uploaded article 3830 with 1 files
[1025/1500] uploaded article 3832 with 1 files
[1026/1500] uploaded article 3833 with 1 files
[1028/1500] uploaded article 3841 with 1 files
[1027/1500] uploaded article 3834 with 1 files
[1029/1500] uploaded article 3842 with 1 files
[1030/1500] uploaded article 3843 with 1 files
[1031/1500] uploaded article 3844 with 1 files
[1032/1500] uploaded article 3845 with 1 files
[1033/1500] uploaded article 385 with 1 files
[1034/1500] uploaded article 386 with 1 files
[1035/1500] uploaded article 3868 with 1 files
[1036/1500] uploaded article 3869 with 1 files
[1038/1500] uploaded article 3871 with 1 files
[1037/1500] uploaded article 387 with 1 files
[1039/1500] uploaded article 3872 with 1 files
[1042/1500] uploaded article 3875 with 1 files
[1040/1500] uploaded article 3873 with 1 files
[1041/1500] uploaded article 3874 with 1 files
[1044/1500] uploaded article 3877 with 1 files
[1043/1500] uploaded article 3876 with 1 files
[1046/1500] uploaded article 388 with 1 files
[1045/1500] uploaded article 3879 with 1 files
[1047/1500] uploaded article 3889 with 1 files
[1048/1500] uploaded article 389 with 1 files
[1050/1500] uploaded article 389.00.81 with 1 files
[1049/1500] uploaded article 389.00.09 with 1 files
[1051/1500] uploaded article 389.00.90 with 1 files
[1052/1500] uploaded article 389.03.62 with 1 files
[1054/1500] uploaded article 3891 with 1 files
[1053/1500] uploaded article 3890 with 1 files
[1055/1500] uploaded article 3892 with 1 files
[1056/1500] uploaded article 3893 with 1 files
[1057/1500] uploaded article 3894 with 1 files
[1058/1500] uploaded article 3895 with 1 files
[1059/1500] uploaded article 3896 with 1 files
[1060/1500] uploaded article 3897 with 1 files
[1061/1500] uploaded article 3898 with 1 files
[1062/1500] uploaded article 3899 with 1 files
[1063/1500] uploaded article 39 with 1 files
[1064/1500] uploaded article 390 with 1 files
[1066/1500] uploaded article 3901 with 1 files
[1065/1500] uploaded article 3900 with 1 files
[1067/1500] uploaded article 3902 with 1 files
[1068/1500] uploaded article 3903 with 1 files
[1069/1500] uploaded article 3904 with 1 files
[1070/1500] uploaded article 3905 with 1 files
[1071/1500] uploaded article 3906 with 1 files
[1072/1500] uploaded article 3907 with 1 files
[1073/1500] uploaded article 3908 with 1 files
[1074/1500] uploaded article 3909 with 1 files
[1075/1500] uploaded article 391 with 1 files
[1078/1500] uploaded article 3912 with 1 files
[1077/1500] uploaded article 3911 with 1 files
[1076/1500] uploaded article 3910 with 1 files
[1079/1500] uploaded article 3913 with 1 files
[1080/1500] uploaded article 3914 with 1 files
[1081/1500] uploaded article 3915 with 1 files
[1082/1500] uploaded article 3916 with 1 files
[1084/1500] uploaded article 3918 with 1 files
[1086/1500] uploaded article 3920 with 1 files
[1085/1500] uploaded article 3919 with 1 files
[1088/1500] uploaded article 3922 with 1 files
[1083/1500] uploaded article 3917 with 1 files
[1089/1500] uploaded article 3923 with 1 files
[1087/1500] uploaded article 3921 with 1 files
[1091/1500] uploaded article 3925 with 1 files
[1090/1500] uploaded article 3924 with 1 files
[1092/1500] uploaded article 3926 with 1 files
[1093/1500] uploaded article 3927 with 1 files
[1095/1500] uploaded article 3929 with 1 files
[1094/1500] uploaded article 3928 with 1 files
[1096/1500] uploaded article 394 with 1 files
[1097/1500] uploaded article 39428� with 1 files
[1099/1500] uploaded article 3947 with 1 files
[1098/1500] uploaded article 3946 with 1 files
[1100/1500] uploaded article 3949 with 1 files
[1101/1500] uploaded article 395 with 1 files
[1103/1500] uploaded article 3951 with 1 files
[1102/1500] uploaded article 3950 with 1 files
[1104/1500] uploaded article 3952 with 1 files
[1105/1500] uploaded article 3953 with 1 files
[1107/1500] uploaded article 3955 with 1 files
[1106/1500] uploaded article 3954 with 1 files
[1109/1500] uploaded article 3957 with 1 files
[1108/1500] uploaded article 3956 with 1 files
[1110/1500] uploaded article 3958 with 1 files
[1111/1500] uploaded article 3959 with 1 files
[1112/1500] uploaded article 396 with 1 files
[1113/1500] uploaded article 3961 with 1 files
[1114/1500] uploaded article 3962 with 1 files
[1115/1500] uploaded article 3963 with 1 files
[1116/1500] uploaded article 3964 with 1 files
[1119/1500] uploaded article 3967 with 1 files
[1118/1500] uploaded article 3966 with 1 files
[1120/1500] uploaded article 3968 with 1 files
[1121/1500] uploaded article 3969 with 1 files
[1122/1500] uploaded article 397 with 1 files
[1117/1500] uploaded article 3965 with 1 files
[1123/1500] uploaded article 3970 with 1 files
[1125/1500] uploaded article 3973 with 1 files
[1124/1500] uploaded article 3972 with 1 files
[1126/1500] uploaded article 3974 with 1 files
[1127/1500] uploaded article 3975 with 1 files
[1128/1500] uploaded article 3976 with 1 files
[1129/1500] uploaded article 3977 with 1 files
[1130/1500] uploaded article 3978 with 1 files
[1131/1500] uploaded article 3979 with 1 files
[1132/1500] uploaded article 398 with 1 files
[1133/1500] uploaded article 3980 with 1 files
[1134/1500] uploaded article 3981 with 1 files
[1135/1500] uploaded article 3982 with 1 files
[1136/1500] uploaded article 3983 with 1 files
[1137/1500] uploaded article 3984 with 1 files
[1138/1500] uploaded article 3985 with 1 files
[1139/1500] uploaded article 3986 with 1 files
[1141/1500] uploaded article 3988 with 1 files
[1140/1500] uploaded article 3987 with 1 files
[1142/1500] uploaded article 3989 with 1 files
[1143/1500] uploaded article 399 with 1 files
[1144/1500] uploaded article 3990 with 1 files
[1145/1500] uploaded article 3991 with 1 files
[1146/1500] uploaded article 3992 with 1 files
[1147/1500] uploaded article 3994 with 1 files
[1148/1500] uploaded article 3995 with 1 files
[1149/1500] uploaded article 3996 with 1 files
[1150/1500] uploaded article 3997 with 1 files
[1151/1500] uploaded article 3999 with 1 files
[1152/1500] uploaded article 3�08630 with 1 files
[1154/1500] uploaded article 3�08635 with 1 files
[1155/1500] uploaded article 3�08638 with 1 files
[1156/1500] uploaded article 3�08640 with 1 files
[1153/1500] uploaded article 3�08631 with 1 files
[1157/1500] uploaded article 3�08671 with 1 files
[1158/1500] uploaded article 3�08672 with 1 files
[1159/1500] uploaded article 3�08673 with 1 files
[1161/1500] uploaded article 3�08676 with 1 files
[1160/1500] uploaded article 3�08674 with 1 files
[1162/1500] uploaded article 3�08677 with 1 files
[1163/1500] uploaded article 3�08678 with 1 files
[1165/1500] uploaded article 3�08680 with 1 files
[1164/1500] uploaded article 3�08679 with 1 files
[1168/1500] uploaded article 40 with 1 files
[1167/1500] uploaded article 4.0 #04 with 1 files
[1166/1500] uploaded article 3�08682 with 1 files
[1169/1500] uploaded article 400 with 3 files
[1172/1500] uploaded article 400-11-25-D-NL1 with 1 files
[1171/1500] uploaded article 400-11-25-D-BN1P with 1 files
[1170/1500] uploaded article 400-11-03-S with 1 files
[1173/1500] uploaded article 400-11-3-E1 with 1 files
[1174/1500] uploaded article 400-11-3-E5 with 1 files
[1175/1500] uploaded article 400-11-3-W-D2 with 1 files
[1176/1500] uploaded article 400-11-3-W-D78 with 1 files
[1177/1500] uploaded article 400-11-3-Y-D13 with 1 files
[1178/1500] uploaded article 400-11-3-Y-D79 with 1 files
[1180/1500] uploaded article 400-11-3-YD128 with 1 files
[1179/1500] uploaded article 400-11-3-Y-D8 with 1 files
[1181/1500] uploaded article 400-11-3-YD131 with 1 files
[1182/1500] uploaded article 400-11-3-YD133 with 1 files
[1183/1500] uploaded article 400-13-3-G with 1 files
[1184/1500] uploaded article 400-13-3-M7 with 1 files
[1185/1500] uploaded article 400-13-3-XZ3 with 1 files
[1186/1500] uploaded article 400-13-3-XZ7 with 1 files
[1187/1500] uploaded article 400-13-3-XZ8 with 1 files
[1188/1500] uploaded article 400-13-3-Y-M14 with 1 files
[1189/1500] uploaded article 400-13-3-Y-M7P with 1 files
[1190/1500] uploaded article 400-13-4-XZ3 with 1 files
[1192/1500] uploaded article 400-13-4-XZ8 with 1 files
[1191/1500] uploaded article 400-13-4-XZ7 with 1 files
[1193/1500] uploaded article 400-13-4-Y-M7P with 1 files
[1195/1500] uploaded article 400-17-03-G with 1 files
[1194/1500] uploaded article 400-17-03-B with 1 files
[1196/1500] uploaded article 400-17-03-S with 1 files
[1197/1500] uploaded article 400-17-04-B with 1 files
[1198/1500] uploaded article 400-17-04-C with 1 files
[1199/1500] uploaded article 400-17-04-G with 1 files
[1200/1500] uploaded article 400-17-04-S with 1 files
[1201/1500] uploaded article 400-28-3-1GO with 1 files
[1203/1500] uploaded article 400-28-3-G with 1 files
[1202/1500] uploaded article 400-28-3-B with 1 files
[1204/1500] uploaded article 400-28-3-S with 1 files
[1205/1500] uploaded article 400-28-4-1CU with 1 files
[1207/1500] uploaded article 400-28-4-1NG with 1 files
[1206/1500] uploaded article 400-28-4-1GO with 1 files
[1208/1500] uploaded article 400-28-4-1SIL with 1 files
[1209/1500] uploaded article 400-28-4-YQ23 with 1 files
[1210/1500] uploaded article 400-28-4-YQ2P with 1 files
[1211/1500] uploaded article 400-28-4-YQ7P with 1 files
[1212/1500] uploaded article 400-301-26-B with 1 files
[1213/1500] uploaded article 400-601-47-BD3P with 1 files
[1214/1500] uploaded article 400-61-25-B with 1 files
[1216/1500] uploaded article 400-61-25-XZ10 with 1 files
[1215/1500] uploaded article 400-61-25-G with 1 files
[1217/1500] uploaded article 400-61-25-XZ2 with 1 files
[1220/1500] uploaded article 400-61-25-XZ9 with 1 files
[1219/1500] uploaded article 400-61-25-XZ8 with 1 files
[1218/1500] uploaded article 400-61-25-XZ5 with 1 files
[1221/1500] uploaded article 400-62-35-B with 1 files
[1223/1500] uploaded article 400-62-35-S with 1 files
[1222/1500] uploaded article 400-62-35-G with 1 files
[1224/1500] uploaded article 4000 with 1 files
[1227/1500] uploaded article 4003 with 1 files
[1226/1500] uploaded article 4002 with 1 files
[1225/1500] uploaded article 4001 with 1 files
[1230/1500] uploaded article 4006 with 1 files
[1229/1500] uploaded article 4005 with 1 files
[1228/1500] uploaded article 4004 with 1 files
[1232/1500] uploaded article 4008 with 1 files
[1233/1500] uploaded article 4009 with 1 files
[1234/1500] uploaded article 401 with 1 files
[1231/1500] uploaded article 4007 with 1 files
[1235/1500] uploaded article 4010 with 1 files
[1236/1500] uploaded article 4012 with 1 files
[1237/1500] uploaded article 4013 with 1 files
[1238/1500] uploaded article 4014 with 1 files
[1239/1500] uploaded article 4015 with 1 files
[1240/1500] uploaded article 4016 with 1 files
[1241/1500] uploaded article 4017 with 1 files
[1242/1500] uploaded article 4019 with 1 files
[1243/1500] uploaded article 402 with 1 files
[1244/1500] uploaded article 4023 with 1 files
[1245/1500] uploaded article 4024 with 1 files
[1246/1500] uploaded article 4025 with 1 files
[1247/1500] uploaded article 4026 with 1 files
[1248/1500] uploaded article 4027 with 1 files
[1249/1500] uploaded article 403 with 1 files
[1250/1500] uploaded article 4030 with 1 files
[1251/1500] uploaded article 4036 with 1 files
[1252/1500] uploaded article 4037 with 1 files
[1253/1500] uploaded article 4038 with 1 files
[1255/1500] uploaded article 404 with 1 files
[1254/1500] uploaded article 4039 with 1 files
[1256/1500] uploaded article 4040 with 1 files
[1257/1500] uploaded article 4041 with 1 files
[1259/1500] uploaded article 4043 with 1 files
[1258/1500] uploaded article 4042 with 1 files
[1260/1500] uploaded article 406 with 1 files
[1261/1500] uploaded article 4061 with 1 files
[1263/1500] uploaded article 4063-600 with 1 files
[1262/1500] uploaded article 4063 with 1 files
[1264/1500] uploaded article 4064 with 1 files
[1265/1500] uploaded article 4065 with 1 files
[1266/1500] uploaded article 4065011 with 1 files
[1267/1500] uploaded article 4066 with 1 files
[1268/1500] uploaded article 4066-500 with 1 files
[1269/1500] uploaded article 4066-600 with 1 files
[1271/1500] uploaded article 4067-600 with 1 files
[1272/1500] uploaded article 407 with 1 files
[1270/1500] uploaded article 4067 with 1 files
[1273/1500] uploaded article 4071 with 1 files
[1274/1500] uploaded article 4072 with 1 files
[1276/1500] uploaded article 4074 with 1 files
[1275/1500] uploaded article 4073 with 1 files
[1277/1500] uploaded article 4075 with 1 files
[1278/1500] uploaded article 4077 with 1 files
[1279/1500] uploaded article 4078 with 1 files
[1280/1500] uploaded article 4079 with 1 files
[1281/1500] uploaded article 408 with 1 files
[1282/1500] uploaded article 4080 with 1 files
[1283/1500] uploaded article 4081 with 1 files
[1284/1500] uploaded article 4082 with 1 files
[1285/1500] uploaded article 4083 with 1 files
[1287/1500] uploaded article 4086 with 1 files
[1288/1500] uploaded article 4087 with 1 files
[1286/1500] uploaded article 4085 with 1 files
[1289/1500] uploaded article 4088 with 1 files
[1291/1500] uploaded article 409 with 1 files
[1290/1500] uploaded article 4089 with 1 files
[1292/1500] uploaded article 4090 with 1 files
[1293/1500] uploaded article 4091 with 1 files
[1294/1500] uploaded article 4092 with 1 files
[1296/1500] uploaded article 4094 with 1 files
[1295/1500] uploaded article 4093 with 1 files
[1297/1500] uploaded article 4096 with 1 files
[1300/1500] uploaded article 4099 with 1 files
[1299/1500] uploaded article 4098 with 1 files
[1298/1500] uploaded article 4097 with 1 files
[1301/1500] uploaded article 41 with 1 files
[1302/1500] uploaded article 410 with 1 files
[1303/1500] uploaded article 4100 with 1 files
[1304/1500] uploaded article 4101 with 1 files
[1305/1500] uploaded article 4102 with 1 files
[1307/1500] uploaded article 4104 with 1 files
[1306/1500] uploaded article 4103 with 1 files
[1308/1500] uploaded article 4105 with 1 files
[1309/1500] uploaded article 4106 with 1 files
[1310/1500] uploaded article 4106074 with 1 files
[1311/1500] uploaded article 4106075 with 1 files
[1312/1500] uploaded article 41060760 with 1 files
[1313/1500] uploaded article 4106077 with 1 files
[1314/1500] uploaded article 4106078 with 1 files
[1315/1500] uploaded article 4106079 with 1 files
[1316/1500] uploaded article 41062320 with 1 files
[1317/1500] uploaded article 41062380 with 1 files
[1318/1500] uploaded article 41062621 with 1 files
[1320/1500] uploaded article 41062623 with 1 files
[1321/1500] uploaded article 41062624 with 1 files
[1319/1500] uploaded article 41062622 with 1 files
[1322/1500] uploaded article 41062625 with 1 files
[1325/1500] uploaded article 4111 with 1 files
[1323/1500] uploaded article 411 with 1 files
[1324/1500] uploaded article 4110 with 1 files
[1326/1500] uploaded article 4112 with 1 files
[1327/1500] uploaded article 4113 with 1 files
[1328/1500] uploaded article 4114 with 1 files
[1329/1500] uploaded article 4117 with 1 files
[1330/1500] uploaded article 4118 with 1 files
[1331/1500] uploaded article 4119 with 1 files
[1332/1500] uploaded article 412 with 1 files
[1333/1500] uploaded article 4120 with 1 files
[1334/1500] uploaded article 4121 with 1 files
[1335/1500] uploaded article 4123 with 1 files
[1336/1500] uploaded article 4124 with 1 files
[1337/1500] uploaded article 4125 with 1 files
[1338/1500] uploaded article 4126 with 1 files
[1339/1500] uploaded article 4127 with 1 files
[1340/1500] uploaded article 4128 with 1 files
[1341/1500] uploaded article 4129 with 1 files
[1342/1500] uploaded article 413 with 1 files
[1343/1500] uploaded article 4130 with 1 files
[1344/1500] uploaded article 4136 with 1 files
[1345/1500] uploaded article 4137 with 1 files
[1346/1500] uploaded article 4138 with 1 files
[1347/1500] uploaded article 4139 with 1 files
[1348/1500] uploaded article 4139021 with 1 files
[1349/1500] uploaded article 4139022 with 1 files
[1350/1500] uploaded article 4139024 with 1 files
[1351/1500] uploaded article 414 with 1 files
[1352/1500] uploaded article 4140 with 1 files
[1353/1500] uploaded article 4141 with 1 files
[1354/1500] uploaded article 4142 with 1 files
[1355/1500] uploaded article 4143 with 1 files
[1356/1500] uploaded article 4144 with 1 files
[1357/1500] uploaded article 4145 with 1 files
[1358/1500] uploaded article 4154 with 1 files
[1359/1500] uploaded article 4157 with 1 files
[1360/1500] uploaded article 4159 with 1 files
[1361/1500] uploaded article 416 with 1 files
[1362/1500] uploaded article 4160 with 1 files
[1363/1500] uploaded article 4161 with 1 files
[1364/1500] uploaded article 4162 with 1 files
[1365/1500] uploaded article 4163 with 1 files
[1366/1500] uploaded article 4164 with 1 files
[1367/1500] uploaded article 4165100 with 1 files
[1368/1500] uploaded article 4165101 with 1 files
[1369/1500] uploaded article 4169 with 1 files
[1371/1500] uploaded article 4170 with 1 files
[1370/1500] uploaded article 417 with 1 files
[1372/1500] uploaded article 4171 with 1 files
[1373/1500] uploaded article 4172 with 1 files
[1374/1500] uploaded article 4173 with 1 files
[1375/1500] uploaded article 4174 with 1 files
[1376/1500] uploaded article 4176 with 1 files
[1377/1500] uploaded article 4177 with 1 files
[1379/1500] uploaded article 418 with 1 files
[1380/1500] uploaded article 4180 with 1 files
[1381/1500] uploaded article 4181 with 1 files
[1382/1500] uploaded article 4182 with 1 files
[1383/1500] uploaded article 4183 with 1 files
[1378/1500] uploaded article 4179 with 1 files
[1384/1500] uploaded article 4184 with 1 files
[1385/1500] uploaded article 4185 with 1 files
[1386/1500] uploaded article 4186 with 1 files
[1387/1500] uploaded article 4187 with 1 files
[1388/1500] uploaded article 4188 with 1 files
[1389/1500] uploaded article 419 with 1 files
[1390/1500] uploaded article 4190 with 1 files
[1391/1500] uploaded article 4193 with 1 files
[1392/1500] uploaded article 4194 with 1 files
[1393/1500] uploaded article 4199 with 1 files
[1394/1500] uploaded article 42 with 1 files
[1395/1500] uploaded article 420 with 1 files
[1396/1500] uploaded article 4200 with 1 files
[1398/1500] uploaded article 4202 with 1 files
[1397/1500] uploaded article 4201 with 1 files
[1399/1500] uploaded article 4203 with 1 files
[1400/1500] uploaded article 4205 with 1 files
[1401/1500] uploaded article 4206 with 1 files
[1402/1500] uploaded article 42060374 with 1 files
[1403/1500] uploaded article 42060375 with 1 files
[1404/1500] uploaded article 42060376 with 1 files
[1405/1500] uploaded article 42060377 with 1 files
[1406/1500] uploaded article 42060378 with 1 files
[1407/1500] uploaded article 4207 with 1 files
[1408/1500] uploaded article 4208 with 1 files
[1409/1500] uploaded article 4209 with 1 files
[1411/1500] uploaded article 4210 with 1 files
[1410/1500] uploaded article 421 with 1 files
[1412/1500] uploaded article 4212 with 1 files
[1414/1500] uploaded article 4214 with 1 files
[1413/1500] uploaded article 4213 with 1 files
[1415/1500] uploaded article 422 with 1 files
[1416/1500] uploaded article 422-02 with 1 files
[1418/1500] uploaded article 4224 with 1 files
[1419/1500] uploaded article 4228 with 1 files
[1420/1500] uploaded article 4229 with 1 files
[1421/1500] uploaded article 423 with 1 files
[1417/1500] uploaded article 4221 with 1 files
[1422/1500] uploaded article 4230 with 1 files
[1423/1500] uploaded article 4231 with 1 files
[1424/1500] uploaded article 4232 with 1 files
[1425/1500] uploaded article 4234 with 1 files
[1426/1500] uploaded article 4235 with 1 files
[1427/1500] uploaded article 4237 with 1 files
[1428/1500] uploaded article 4238 with 1 files
[1429/1500] uploaded article 4239 with 1 files
[1431/1500] uploaded article 4240 with 1 files
[1430/1500] uploaded article 424 with 1 files
[1432/1500] uploaded article 4241 with 1 files
[1433/1500] uploaded article 4242 with 1 files
[1434/1500] uploaded article 4243 with 1 files
[1435/1500] uploaded article 4244 with 1 files
[1436/1500] uploaded article 4245 with 1 files
[1438/1500] uploaded article 425 with 1 files
[1437/1500] uploaded article 4248 with 1 files
[1439/1500] uploaded article 4251 with 1 files
[1440/1500] uploaded article 4253 with 1 files
[1441/1500] uploaded article 4254 with 1 files
[1442/1500] uploaded article 4255 with 1 files
[1443/1500] uploaded article 4256 with 1 files
[1444/1500] uploaded article 4257 with 1 files
[1445/1500] uploaded article 4258 with 1 files
[1446/1500] uploaded article 4259 with 1 files
[1447/1500] uploaded article 426 with 1 files
[1448/1500] uploaded article 4260 with 1 files
[1449/1500] uploaded article 4261 with 1 files
[1451/1500] uploaded article 4263 with 1 files
[1454/1500] uploaded article 4269 with 1 files
[1452/1500] uploaded article 4264 with 1 files
[1450/1500] uploaded article 4262 with 1 files
[1453/1500] uploaded article 4265 with 1 files
[1455/1500] uploaded article 427 with 1 files
[1456/1500] uploaded article 4270 with 1 files
[1459/1500] uploaded article 428 with 1 files
[1457/1500] uploaded article 4278 with 1 files
[1460/1500] uploaded article 4280 with 1 files
[1462/1500] uploaded article 4283 with 1 files
[1463/1500] uploaded article 4284 with 1 files
[1458/1500] uploaded article 4279 with 1 files
[1465/1500] uploaded article 4286 with 1 files
[1461/1500] uploaded article 4282 with 1 files
[1464/1500] uploaded article 4285 with 1 files
[1466/1500] uploaded article 4289 with 1 files
[1467/1500] uploaded article 429 with 1 files
[1468/1500] uploaded article 4290 with 1 files
[1469/1500] uploaded article 4291 with 1 files
[1470/1500] uploaded article 4292 with 1 files
[1472/1500] uploaded article 4294 with 1 files
[1471/1500] uploaded article 4293 with 1 files
[1473/1500] uploaded article 4295 with 1 files
[1474/1500] uploaded article 4296 with 1 files
[1476/1500] uploaded article 4298 with 1 files
[1475/1500] uploaded article 4297 with 1 files
[1478/1500] uploaded article 430 with 1 files
[1477/1500] uploaded article 4299 with 1 files
[1479/1500] uploaded article 4300 with 1 files
[1480/1500] uploaded article 43006 with 1 files
[1481/1500] uploaded article 4301 with 1 files
[1482/1500] uploaded article 4302 with 1 files
[1484/1500] uploaded article 4304 with 1 files
[1483/1500] uploaded article 4303 with 1 files
[1485/1500] uploaded article 4305 with 1 files
[1486/1500] uploaded article 4306 with 1 files
[1487/1500] uploaded article 4307 with 1 files
[1488/1500] uploaded article 4308 with 1 files
[1489/1500] uploaded article 4309 with 1 files
[1490/1500] uploaded article 431 with 1 files
[1491/1500] uploaded article 4310 with 1 files
[1492/1500] uploaded article 4311 with 1 files
[1493/1500] uploaded article 4312 with 1 files
[1494/1500] uploaded article 4313 with 1 files
[1495/1500] uploaded article 4314 with 1 files
[1496/1500] uploaded article 4315 with 1 files
[1497/1500] uploaded article 432 with 1 files
[1498/1500] uploaded article 4322 with 1 files
[1500/1500] uploaded article 4324 with 1 files
[1499/1500] uploaded article 4323 with 1 files
{
  "articles_total": 1500,
  "uploaded_articles": 1500,
  "failed_articles": 0,
  "report": "data\\mass_photo_upload_batch_3000_20260605.json"
}
