Error processing line 1 of C:\Users\sayet\AppData\Local\Programs\Python\Python311\Lib\site-packages\google_generativeai-0.8.6-py3.13-nspkg.pth:

  Traceback (most recent call last):
    File "<frozen site>", line 186, in addpackage
    File "<string>", line 1, in <module>
    File "<frozen importlib._bootstrap>", line 570, in module_from_spec
  AttributeError: 'NoneType' object has no attribute 'loader'

Remainder of file ignored
Error processing line 7 of C:\Users\sayet\AppData\Local\Programs\Python\Python311\Lib\site-packages\pywin32.pth:

  Traceback (most recent call last):
    File "<frozen site>", line 186, in addpackage
    File "<string>", line 1, in <module>
  ModuleNotFoundError: No module named 'pywin32_bootstrap'

Remainder of file ignored
C:\Users\sayet\AppData\Local\Programs\Python\Python311\Lib\site-packages\urllib3\connectionpool.py:1097: InsecureRequestWarning: Unverified HTTPS request is being made to host 'vsedliarybalky.com.ua'. Adding certificate verification is strongly advised. See: https://urllib3.readthedocs.io/en/latest/advanced-usage.html#tls-warnings
  warnings.warn(
C:\Users\sayet\AppData\Local\Programs\Python\Python311\Lib\site-packages\urllib3\connectionpool.py:1097: InsecureRequestWarning: Unverified HTTPS request is being made to host 'vsedliarybalky.com.ua'. Adding certificate verification is strongly advised. See: https://urllib3.readthedocs.io/en/latest/advanced-usage.html#tls-warnings
  warnings.warn(
C:\Users\sayet\AppData\Local\Programs\Python\Python311\Lib\site-packages\urllib3\connectionpool.py:1097: InsecureRequestWarning: Unverified HTTPS request is being made to host 'vsedliarybalky.com.ua'. Adding certificate verification is strongly advised. See: https://urllib3.readthedocs.io/en/latest/advanced-usage.html#tls-warnings
  warnings.warn(
[3/1500] uploaded article 1858.44.54 with 1 files
[1/1500] uploaded article 1858.44.52 with 1 files
[2/1500] uploaded article 1858.44.53 with 1 files
[4/1500] uploaded article 1858.45.34 with 1 files
[6/1500] uploaded article 1858.46.80 with 1 files
[5/1500] uploaded article 1858.45.35 with 1 files
[7/1500] uploaded article 1858.46.81 with 1 files
[8/1500] uploaded article 1858.52.10 with 1 files
[9/1500] uploaded article 1858.52.11 with 1 files
[12/1500] uploaded article 1858.53.51 with 1 files
[11/1500] uploaded article 1858.53.50 with 1 files
[10/1500] uploaded article 1858.53.49 with 1 files
[13/1500] uploaded article 1858.53.52 with 1 files
[15/1500] uploaded article 1858.54.96 with 1 files
[14/1500] uploaded article 1858.54.74 with 1 files
[16/1500] uploaded article 1858.60.06 with 1 files
[17/1500] uploaded article 1858.60.10 with 1 files
[20/1500] uploaded article 1858.60.19 with 1 files
[18/1500] uploaded article 1858.60.12 with 1 files
[19/1500] uploaded article 1858.60.15 with 1 files
[21/1500] uploaded article 1858.60.31 with 1 files
[22/1500] uploaded article 1858.60.44 with 1 files
[24/1500] uploaded article 1858.60.47 with 1 files
[23/1500] uploaded article 1858.60.46 with 1 files
[27/1500] uploaded article 1858.60.55 with 1 files
[28/1500] uploaded article 1858.60.56 with 1 files
[26/1500] uploaded article 1858.60.54 with 1 files
[25/1500] uploaded article 1858.60.51 with 1 files
[29/1500] uploaded article 1858.60.61 with 1 files
[30/1500] uploaded article 1858.60.63 with 1 files
[32/1500] uploaded article 1858.60.77 with 1 files
[33/1500] uploaded article 1858.60.86 with 1 files
[31/1500] uploaded article 1858.60.65 with 1 files
[34/1500] uploaded article 1858.61.10 with 1 files
[35/1500] uploaded article 1858.61.16 with 1 files
[37/1500] uploaded article 1858.82.66 with 1 files
[36/1500] uploaded article 1858.61.17 with 1 files
[38/1500] uploaded article 1859 with 1 files
[41/1500] uploaded article 1861 with 1 files
[40/1500] uploaded article 1860 with 1 files
[39/1500] uploaded article 186 with 1 files
[42/1500] uploaded article 1862 with 1 files
[43/1500] uploaded article 1863 with 1 files
[44/1500] uploaded article 1864 with 1 files
[45/1500] uploaded article 1865 with 1 files
[46/1500] uploaded article 1865000 with 1 files
[47/1500] uploaded article 1866 with 1 files
[48/1500] uploaded article 1867 with 1 files
[49/1500] uploaded article 1868 with 1 files
[50/1500] uploaded article 1869 with 1 files
[53/1500] uploaded article 1870.03.93 with 1 files
[52/1500] uploaded article 1870 with 1 files
[51/1500] uploaded article 187 with 1 files
[54/1500] uploaded article 1870.03.96 with 1 files
[56/1500] uploaded article 1870.04.06 with 1 files
[55/1500] uploaded article 1870.03.97 with 1 files
[57/1500] uploaded article 1870.04.09 with 1 files
[58/1500] uploaded article 1870.04.10 with 1 files
[59/1500] uploaded article 1870.04.16 with 1 files
[60/1500] uploaded article 1870.04.19 with 1 files
[61/1500] uploaded article 1870.04.22 with 1 files
[63/1500] uploaded article 1870.05.69 with 1 files
[64/1500] uploaded article 1870.05.89 with 1 files
[62/1500] uploaded article 1870.05.62 with 1 files
[65/1500] uploaded article 1870.05.92 with 1 files
[66/1500] uploaded article 1870.06.89 with 1 files
[67/1500] uploaded article 1870.06.95 with 1 files
[68/1500] uploaded article 1870.07.98 with 1 files
[69/1500] uploaded article 1870.08.43 with 1 files
[70/1500] uploaded article 1870.08.45 with 1 files
[72/1500] uploaded article 1870.08.87 with 1 files
[73/1500] uploaded article 1870.11.33 with 1 files
[74/1500] uploaded article 1870.11.44 with 1 files
[75/1500] uploaded article 1870.11.48 with 1 files
[76/1500] uploaded article 1870.11.50 with 1 files
[71/1500] uploaded article 1870.08.55 with 1 files
[78/1500] uploaded article 1870.11.73 with 1 files
[77/1500] uploaded article 1870.11.51 with 1 files
[79/1500] uploaded article 1870.11.76 with 1 files
[80/1500] uploaded article 1870.18.13 with 1 files
[81/1500] uploaded article 1870.18.14 with 1 files
[83/1500] uploaded article 1870.24.28 with 1 files
[82/1500] uploaded article 1870.24.27 with 1 files
[84/1500] uploaded article 1870.24.30 with 1 files
[86/1500] uploaded article 1870.24.34 with 1 files
[87/1500] uploaded article 1870.24.36 with 1 files
[85/1500] uploaded article 1870.24.33 with 1 files
[88/1500] uploaded article 1870.24.37 with 1 files
[91/1500] uploaded article 1870.24.43 with 1 files
[89/1500] uploaded article 1870.24.38 with 1 files
[90/1500] uploaded article 1870.24.39 with 1 files
[93/1500] uploaded article 1870.24.46 with 1 files
[96/1500] uploaded article 1870.24.50 with 1 files
[92/1500] uploaded article 1870.24.44 with 1 files
[95/1500] uploaded article 1870.24.49 with 1 files
[98/1500] uploaded article 1870.24.52 with 1 files
[94/1500] uploaded article 1870.24.48 with 1 files
[99/1500] uploaded article 1870.24.55 with 1 files
[97/1500] uploaded article 1870.24.51 with 1 files
[101/1500] uploaded article 1870.24.57 with 1 files
[100/1500] uploaded article 1870.24.56 with 1 files
[103/1500] uploaded article 1870.24.62 with 1 files
[102/1500] uploaded article 1870.24.60 with 1 files
[104/1500] uploaded article 1870.24.64 with 1 files
[105/1500] uploaded article 1870.24.65 with 1 files
[106/1500] uploaded article 1870.24.67 with 1 files
[107/1500] uploaded article 1870.24.98 with 1 files
[108/1500] uploaded article 1870.25.24 with 1 files
[109/1500] uploaded article 1870.25.25 with 1 files
[110/1500] uploaded article 1870.25.26 with 1 files
[112/1500] uploaded article 1870.25.29 with 1 files
[111/1500] uploaded article 1870.25.27 with 1 files
[113/1500] uploaded article 1870.25.62 with 1 files
[114/1500] uploaded article 1870.25.64 with 1 files
[115/1500] uploaded article 1870.26.07 with 1 files
[117/1500] uploaded article 1870.26.28 with 1 files
[116/1500] uploaded article 1870.26.26 with 1 files
[118/1500] uploaded article 1870.26.30 with 1 files
[119/1500] uploaded article 1870.26.95 with 1 files
[121/1500] uploaded article 1870.27.36 with 1 files
[120/1500] uploaded article 1870.27.34 with 1 files
[122/1500] uploaded article 1870.27.39 with 1 files
[123/1500] uploaded article 1870.27.47 with 1 files
[124/1500] uploaded article 1870.27.60 with 1 files
[125/1500] uploaded article 1870.27.61 with 1 files
[126/1500] uploaded article 1870.27.62 with 1 files
[128/1500] uploaded article 1870.27.64 with 1 files
[127/1500] uploaded article 1870.27.63 with 1 files
[129/1500] uploaded article 1870.27.68 with 1 files
[130/1500] uploaded article 1870.28.80 with 1 files
[132/1500] uploaded article 1870.28.89 with 1 files
[131/1500] uploaded article 1870.28.83 with 1 files
[133/1500] uploaded article 1870.28.92 with 1 files
[134/1500] uploaded article 1870.29.23 with 1 files
[136/1500] uploaded article 1870.29.28 with 1 files
[135/1500] uploaded article 1870.29.27 with 1 files
[137/1500] uploaded article 1870.29.29 with 1 files
[138/1500] uploaded article 1870.29.40 with 1 files
[140/1500] uploaded article 1870.29.66 with 1 files
[139/1500] uploaded article 1870.29.45 with 1 files
[141/1500] uploaded article 1870.29.67 with 1 files
[144/1500] uploaded article 1870.2992 with 1 files
[143/1500] uploaded article 1870.29.91 with 1 files
[142/1500] uploaded article 1870.29.89 with 1 files
[145/1500] uploaded article 1870.30.62 with 1 files
[146/1500] uploaded article 1870.30.63 with 1 files
[148/1500] uploaded article 1870.31.50 with 1 files
[149/1500] uploaded article 1870.31.87 with 1 files
[147/1500] uploaded article 1870.30.75 with 1 files
[150/1500] uploaded article 1870.31.88 with 1 files
[152/1500] uploaded article 1870.31.91 with 1 files
[151/1500] uploaded article 1870.31.90 with 1 files
[153/1500] uploaded article 1870.31.92 with 1 files
[155/1500] uploaded article 1870.31.94 with 1 files
[154/1500] uploaded article 1870.31.93 with 1 files
[156/1500] uploaded article 1870.32.14 with 1 files
[157/1500] uploaded article 1870.32.15 with 1 files
[159/1500] uploaded article 1870.32.81 with 1 files
[158/1500] uploaded article 1870.32.79 with 1 files
[160/1500] uploaded article 1870.32.83 with 1 files
[161/1500] uploaded article 1870.32.87 with 1 files
[162/1500] uploaded article 1870.33.04 with 1 files
[163/1500] uploaded article 1870.33.05 with 1 files
[164/1500] uploaded article 1870.33.06 with 1 files
[165/1500] uploaded article 1870.33.44 with 1 files
[169/1500] uploaded article 1870.33.59 with 1 files
[166/1500] uploaded article 1870.33.45 with 1 files
[167/1500] uploaded article 1870.33.50 with 1 files
[168/1500] uploaded article 1870.33.54 with 1 files
[170/1500] uploaded article 1870.33.70 with 1 files
[171/1500] uploaded article 1870.33.94 with 1 files
[172/1500] uploaded article 1870.33.97 with 1 files
[173/1500] uploaded article 1870.34.01 with 1 files
[174/1500] uploaded article 1870.34.03 with 1 files
[175/1500] uploaded article 1870.34.11 with 1 files
[176/1500] uploaded article 1870.34.12 with 1 files
[177/1500] uploaded article 1870.34.16 with 1 files
[179/1500] uploaded article 1870.34.90 with 1 files
[180/1500] uploaded article 1870.34.91 with 1 files
[181/1500] uploaded article 1870.35.19 with 1 files
[178/1500] uploaded article 1870.34.89 with 1 files
[183/1500] uploaded article 1870.35.21 with 1 files
[182/1500] uploaded article 1870.35.20 with 1 files
[184/1500] uploaded article 1870.35.22 with 1 files
[186/1500] uploaded article 1870.35.24 with 1 files
[185/1500] uploaded article 1870.35.23 with 1 files
[187/1500] uploaded article 1870.35.25 with 1 files
[188/1500] uploaded article 1870.35.26 with 1 files
[189/1500] uploaded article 1870.35.27 with 1 files
[191/1500] uploaded article 1870.35.29 with 1 files
[190/1500] uploaded article 1870.35.28 with 1 files
[192/1500] uploaded article 1870.35.30 with 1 files
[193/1500] uploaded article 1870.35.31 with 1 files
[195/1500] uploaded article 1870.35.33 with 1 files
[194/1500] uploaded article 1870.35.32 with 1 files
[196/1500] uploaded article 1870.35.35 with 1 files
[197/1500] uploaded article 1870.35.36 with 1 files
[198/1500] uploaded article 1870.35.37 with 1 files
[199/1500] uploaded article 1870.35.38 with 1 files
[200/1500] uploaded article 1870.35.39 with 1 files
[201/1500] uploaded article 1870.35.41 with 1 files
[202/1500] uploaded article 1870.35.42 with 1 files
[203/1500] uploaded article 1870.35.45 with 1 files
[204/1500] uploaded article 1870.35.51 with 1 files
[205/1500] uploaded article 1870.35.54 with 1 files
[206/1500] uploaded article 1870.35.55 with 1 files
[207/1500] uploaded article 1870.35.58 with 1 files
[208/1500] uploaded article 1870.35.60 with 1 files
[211/1500] uploaded article 1870.36.02 with 1 files
[210/1500] uploaded article 1870.36.01 with 1 files
[209/1500] uploaded article 1870.35.61 with 1 files
[212/1500] uploaded article 1870.36.03 with 1 files
[214/1500] uploaded article 1870.36.05 with 1 files
[213/1500] uploaded article 1870.36.04 with 1 files
[215/1500] uploaded article 1870.36.07 with 1 files
[216/1500] uploaded article 1870.36.09 with 1 files
[217/1500] uploaded article 1870.36.10 with 1 files
[219/1500] uploaded article 1870.36.30 with 1 files
[218/1500] uploaded article 1870.36.26 with 1 files
[220/1500] uploaded article 1870.36.31 with 1 files
[221/1500] uploaded article 1870.36.33 with 1 files
[222/1500] uploaded article 1870.36.35 with 1 files
[224/1500] uploaded article 1870.36.39 with 1 files
[223/1500] uploaded article 1870.36.37 with 1 files
[225/1500] uploaded article 1870.36.40 with 1 files
[228/1500] uploaded article 1870.36.90 with 1 files
[226/1500] uploaded article 1870.36.88 with 1 files
[227/1500] uploaded article 1870.36.89 with 1 files
[229/1500] uploaded article 1870.36.91 with 1 files
[230/1500] uploaded article 1870.37.21 with 1 files
[232/1500] uploaded article 1870.37.24 with 1 files
[231/1500] uploaded article 1870.37.23 with 1 files
[233/1500] uploaded article 1870.37.43 with 1 files
[234/1500] uploaded article 1870.37.54 with 1 files
[235/1500] uploaded article 1870.37.60 with 1 files
[236/1500] uploaded article 1870.37.62 with 1 files
[238/1500] uploaded article 1870.38.45 with 1 files
[237/1500] uploaded article 1870.38.44 with 1 files
[240/1500] uploaded article 1870.38.50 with 1 files
[239/1500] uploaded article 1870.38.47 with 1 files
[241/1500] uploaded article 1870.38.51 with 1 files
[242/1500] uploaded article 1870.38.53 with 1 files
[243/1500] uploaded article 1870.38.54 with 1 files
[244/1500] uploaded article 1870.38.67 with 1 files
[245/1500] uploaded article 1870.38.72 with 1 files
[246/1500] uploaded article 1870.38.73 with 1 files
[247/1500] uploaded article 1870.39.22 with 1 files
[248/1500] uploaded article 1870.39.25 with 1 files
[249/1500] uploaded article 1870.39.28 with 1 files
[250/1500] uploaded article 1870.39.30 with 1 files
[251/1500] uploaded article 1870.41.23 with 1 files
[252/1500] uploaded article 1870.41.31 with 1 files
[253/1500] uploaded article 1870.41.33 with 1 files
[254/1500] uploaded article 1870.41.37 with 1 files
[255/1500] uploaded article 1870.41.42 with 1 files
[256/1500] uploaded article 1870.41.44 with 1 files
[257/1500] uploaded article 1870.41.55 with 1 files
[258/1500] uploaded article 1870.41.56 with 1 files
[259/1500] uploaded article 1870.41.59 with 1 files
[260/1500] uploaded article 1870.42.01 with 1 files
[261/1500] uploaded article 1870.42.03 with 1 files
[263/1500] uploaded article 1870.61.79 with 1 files
[262/1500] uploaded article 1870.61.75 with 1 files
[264/1500] uploaded article 1870.61.82 with 1 files
[266/1500] uploaded article 1870.61.85 with 1 files
[265/1500] uploaded article 1870.61.83 with 1 files
[267/1500] uploaded article 1870.61.86 with 1 files
[268/1500] uploaded article 1870.61.87 with 1 files
[269/1500] uploaded article 1870.61.88 with 1 files
[271/1500] uploaded article 1870.61.90 with 1 files
[270/1500] uploaded article 1870.61.89 with 1 files
[272/1500] uploaded article 1870.61.93 with 1 files
[273/1500] uploaded article 1870.61.94 with 1 files
[274/1500] uploaded article 1870.67.78 with 1 files
[275/1500] uploaded article 1870.67.79 with 1 files
[276/1500] uploaded article 1870.68.03 with 1 files
[277/1500] uploaded article 1870.68.04 with 1 files
[278/1500] uploaded article 1870.68.05 with 1 files
[279/1500] uploaded article 1870.68.06 with 1 files
[280/1500] uploaded article 1870.68.07 with 1 files
[282/1500] uploaded article 1870.68.09 with 1 files
[281/1500] uploaded article 1870.68.08 with 1 files
[283/1500] uploaded article 1870.68.10 with 1 files
[284/1500] uploaded article 1870.68.11 with 1 files
[285/1500] uploaded article 1870.68.12 with 1 files
[286/1500] uploaded article 1870.68.13 with 1 files
[287/1500] uploaded article 1870.68.14 with 1 files
[288/1500] uploaded article 1870.68.15 with 1 files
[290/1500] uploaded article 1870.68.31 with 1 files
[289/1500] uploaded article 1870.68.16 with 1 files
[291/1500] uploaded article 1870.68.32 with 1 files
[292/1500] uploaded article 1870.68.35 with 1 files
[294/1500] uploaded article 1870.68.38 with 1 files
[293/1500] uploaded article 1870.68.36 with 1 files
[295/1500] uploaded article 1870.68.89 with 1 files
[296/1500] uploaded article 1870.68.90 with 1 files
[297/1500] uploaded article 1870.68.91 with 1 files
[298/1500] uploaded article 1870.68.92 with 1 files
[299/1500] uploaded article 1870.68.93 with 1 files
[300/1500] uploaded article 1870.68.94 with 1 files
[301/1500] uploaded article 1870.68.95 with 1 files
[302/1500] uploaded article 1870.68.96 with 1 files
[303/1500] uploaded article 1870.68.97 with 1 files
[304/1500] uploaded article 1870.68.98 with 1 files
[305/1500] uploaded article 1870.68.99 with 1 files
[306/1500] uploaded article 1870.69.00 with 1 files
[307/1500] uploaded article 1870.69.01 with 1 files
[308/1500] uploaded article 1870.69.02 with 1 files
[309/1500] uploaded article 1870.69.03 with 1 files
[310/1500] uploaded article 1870.69.04 with 1 files
[311/1500] uploaded article 1870.69.05 with 1 files
[312/1500] uploaded article 1870.69.06 with 1 files
[313/1500] uploaded article 1870.69.07 with 1 files
[314/1500] uploaded article 1870.69.08 with 1 files
[315/1500] uploaded article 1870.69.09 with 1 files
[318/1500] uploaded article 1870.69.12 with 1 files
[316/1500] uploaded article 1870.69.10 with 1 files
[317/1500] uploaded article 1870.69.11 with 1 files
[319/1500] uploaded article 1870.69.13 with 1 files
[322/1500] uploaded article 1870.69.16 with 1 files
[321/1500] uploaded article 1870.69.15 with 1 files
[320/1500] uploaded article 1870.69.14 with 1 files
[323/1500] uploaded article 1870.69.17 with 1 files
[324/1500] uploaded article 1870.69.18 with 1 files
[325/1500] uploaded article 1870.69.19 with 1 files
[326/1500] uploaded article 1870.69.20 with 1 files
[327/1500] uploaded article 1870.69.21 with 1 files
[328/1500] uploaded article 1870.69.54 with 1 files
[329/1500] uploaded article 1870.69.55 with 1 files
[330/1500] uploaded article 1870.69.56 with 1 files
[331/1500] uploaded article 1870.69.57 with 1 files
[333/1500] uploaded article 1870.69.59 with 1 files
[334/1500] uploaded article 1870.69.60 with 1 files
[332/1500] uploaded article 1870.69.58 with 1 files
[335/1500] uploaded article 1870.69.61 with 1 files
[336/1500] uploaded article 1870.69.63 with 1 files
[337/1500] uploaded article 1870.69.64 with 1 files
[338/1500] uploaded article 1870.69.65 with 1 files
[339/1500] uploaded article 1870.69.66 with 1 files
[342/1500] uploaded article 1870.69.69 with 1 files
[341/1500] uploaded article 1870.69.68 with 1 files
[340/1500] uploaded article 1870.69.67 with 1 files
[344/1500] uploaded article 1870.69.72 with 1 files
[343/1500] uploaded article 1870.69.70 with 1 files
[346/1500] uploaded article 1870.69.75 with 1 files
[345/1500] uploaded article 1870.69.73 with 1 files
[347/1500] uploaded article 1870.69.76 with 1 files
[350/1500] uploaded article 1870.70.17 with 1 files
[348/1500] uploaded article 1870.69.79 with 1 files
[349/1500] uploaded article 1870.70.16 with 1 files
[351/1500] uploaded article 1870.70.19 with 1 files
[353/1500] uploaded article 1870.70.26 with 1 files
[352/1500] uploaded article 1870.70.25 with 1 files
[354/1500] uploaded article 1870.70.31 with 1 files
[355/1500] uploaded article 1870.70.32 with 1 files
[356/1500] uploaded article 1870.70.34 with 1 files
[357/1500] uploaded article 1870.70.35 with 1 files
[358/1500] uploaded article 1870.70.36 with 1 files
[359/1500] uploaded article 1870.70.95 with 1 files
[360/1500] uploaded article 1870.70.96 with 1 files
[361/1500] uploaded article 1870.70.99 with 1 files
[362/1500] uploaded article 1870.71.00 with 1 files
[363/1500] uploaded article 1870.71.02 with 1 files
[364/1500] uploaded article 1870.71.03 with 1 files
[365/1500] uploaded article 1870.71.12 with 1 files
[366/1500] uploaded article 1870.71.15 with 1 files
[367/1500] uploaded article 1870.71.20 with 1 files
[368/1500] uploaded article 1870.71.21 with 1 files
[369/1500] uploaded article 1870.71.23 with 1 files
[370/1500] uploaded article 1870.71.24 with 1 files
[371/1500] uploaded article 1870.71.26 with 1 files
[374/1500] uploaded article 1870.71.33 with 1 files
[373/1500] uploaded article 1870.71.29 with 1 files
[372/1500] uploaded article 1870.71.27 with 1 files
[376/1500] uploaded article 1870.71.35 with 1 files
[377/1500] uploaded article 1870.71.37 with 1 files
[375/1500] uploaded article 1870.71.34 with 1 files
[378/1500] uploaded article 1870.71.38 with 1 files
[379/1500] uploaded article 1870.71.39 with 1 files
[380/1500] uploaded article 1870.71.43 with 1 files
[382/1500] uploaded article 1870.71.52 with 1 files
[381/1500] uploaded article 1870.71.51 with 1 files
[383/1500] uploaded article 1870.71.64 with 1 files
[385/1500] uploaded article 1870.71.66 with 1 files
[386/1500] uploaded article 1870.71.67 with 1 files
[387/1500] uploaded article 1870.71.68 with 1 files
[388/1500] uploaded article 1870.71.71 with 1 files
[389/1500] uploaded article 1870.71.74 with 1 files
[390/1500] uploaded article 1870.71.75 with 1 files
[384/1500] uploaded article 1870.71.65 with 1 files
[392/1500] uploaded article 1870.71.77 with 1 files
[391/1500] uploaded article 1870.71.76 with 1 files
[393/1500] uploaded article 1870.71.78 with 1 files
[394/1500] uploaded article 1870.71.79 with 1 files
[396/1500] uploaded article 1870.71.82 with 1 files
[395/1500] uploaded article 1870.71.81 with 1 files
[397/1500] uploaded article 1870.72.33 with 1 files
[398/1500] uploaded article 1870.72.35 with 1 files
[400/1500] uploaded article 1870.72.37 with 1 files
[399/1500] uploaded article 1870.72.36 with 1 files
[401/1500] uploaded article 1870.72.38 with 1 files
[402/1500] uploaded article 1870.72.51 with 1 files
[405/1500] uploaded article 1870.72.66 with 1 files
[403/1500] uploaded article 1870.72.56 with 1 files
[404/1500] uploaded article 1870.72.60 with 1 files
[406/1500] uploaded article 1870.72.84 with 1 files
[407/1500] uploaded article 1870.72.86 with 1 files
[408/1500] uploaded article 1870.72.87 with 1 files
[409/1500] uploaded article 1870.72.89 with 1 files
[410/1500] uploaded article 1870.73.02 with 1 files
[411/1500] uploaded article 1870.73.06 with 1 files
[412/1500] uploaded article 1870.73.30 with 1 files
[413/1500] uploaded article 1870.73.34 with 1 files
[414/1500] uploaded article 1870.73.55 with 1 files
[417/1500] uploaded article 1870.73.58 with 1 files
[415/1500] uploaded article 1870.73.56 with 1 files
[416/1500] uploaded article 1870.73.57 with 1 files
[418/1500] uploaded article 1870.73.59 with 1 files
[419/1500] uploaded article 1870.73.60 with 1 files
[420/1500] uploaded article 1870.73.61 with 1 files
[421/1500] uploaded article 1870.73.62 with 1 files
[422/1500] uploaded article 1870.73.67 with 1 files
[423/1500] uploaded article 1870.73.68 with 1 files
[425/1500] uploaded article 1870.73.70 with 1 files
[424/1500] uploaded article 1870.73.69 with 1 files
[426/1500] uploaded article 1870.73.77 with 1 files
[428/1500] uploaded article 1870.73.79 with 1 files
[427/1500] uploaded article 1870.73.78 with 1 files
[429/1500] uploaded article 1870.73.80 with 1 files
[430/1500] uploaded article 1870.73.81 with 1 files
[431/1500] uploaded article 1870.73.82 with 1 files
[433/1500] uploaded article 1870.73.84 with 1 files
[434/1500] uploaded article 1870.73.85 with 1 files
[432/1500] uploaded article 1870.73.83 with 1 files
[436/1500] uploaded article 1870.73.87 with 1 files
[435/1500] uploaded article 1870.73.86 with 1 files
[437/1500] uploaded article 1870.73.88 with 1 files
[439/1500] uploaded article 1870.73.90 with 1 files
[438/1500] uploaded article 1870.73.89 with 1 files
[440/1500] uploaded article 1870.73.91 with 1 files
[441/1500] uploaded article 1870.73.92 with 1 files
[442/1500] uploaded article 1870.73.93 with 1 files
[443/1500] uploaded article 1870.73.94 with 1 files
[444/1500] uploaded article 1870.73.95 with 1 files
[445/1500] uploaded article 1870.73.96 with 1 files
[446/1500] uploaded article 1870.73.97 with 1 files
[447/1500] uploaded article 1870.73.98 with 1 files
[448/1500] uploaded article 1870.73.99 with 1 files
[449/1500] uploaded article 1870.74.00 with 1 files
[450/1500] uploaded article 1870.74.01 with 1 files
[451/1500] uploaded article 1870.74.02 with 1 files
[452/1500] uploaded article 1870.74.09 with 1 files
[453/1500] uploaded article 1870.74.12 with 1 files
[454/1500] uploaded article 1870.74.13 with 1 files
[455/1500] uploaded article 1870.74.14 with 1 files
[456/1500] uploaded article 1870.74.87 with 1 files
[457/1500] uploaded article 1870.74.88 with 1 files
[459/1500] uploaded article 1870.74.90 with 1 files
[458/1500] uploaded article 1870.74.89 with 1 files
[460/1500] uploaded article 1870.74.91 with 1 files
[461/1500] uploaded article 1870.75.06 with 1 files
[462/1500] uploaded article 1870.75.07 with 1 files
[463/1500] uploaded article 1870.75.08 with 1 files
[464/1500] uploaded article 1870.75.09 with 1 files
[465/1500] uploaded article 1870.75.76 with 1 files
[467/1500] uploaded article 1870.77.73 with 1 files
[466/1500] uploaded article 1870.75.80 with 1 files
[468/1500] uploaded article 1870.78.45 with 1 files
[469/1500] uploaded article 1870.78.46 with 1 files
[470/1500] uploaded article 1870.78.53 with 1 files
[471/1500] uploaded article 1870.78.54 with 1 files
[472/1500] uploaded article 1870.78.55 with 1 files
[473/1500] uploaded article 1870.78.56 with 1 files
[474/1500] uploaded article 1870.78.57 with 1 files
[475/1500] uploaded article 1870.82.38 with 1 files
[476/1500] uploaded article 1870.82.40 with 1 files
[477/1500] uploaded article 1871 with 1 files
[478/1500] uploaded article 1872 with 1 files
[480/1500] uploaded article 1874 with 1 files
[479/1500] uploaded article 1873 with 1 files
[481/1500] uploaded article 1875 with 1 files
[483/1500] uploaded article 1878 with 1 files
[485/1500] uploaded article 1881 with 1 files
[484/1500] uploaded article 1879 with 1 files
[482/1500] uploaded article 1876 with 1 files
[486/1500] uploaded article 1882 with 1 files
[489/1500] uploaded article 1887 with 1 files
[487/1500] uploaded article 1883 with 1 files
[488/1500] uploaded article 1884 with 1 files
[492/1500] uploaded article 1890 with 1 files
[491/1500] uploaded article 1889 with 1 files
[490/1500] uploaded article 1888 with 1 files
[493/1500] uploaded article 1891 with 1 files
[494/1500] uploaded article 1892 with 1 files
[496/1500] uploaded article 1894 with 1 files
[495/1500] uploaded article 1893 with 1 files
[497/1500] uploaded article 1895 with 1 files
[499/1500] uploaded article 1898 with 1 files
[500/1500] uploaded article 1899 with 1 files
[498/1500] uploaded article 1897 with 1 files
[501/1500] uploaded article 190 with 1 files
[502/1500] uploaded article 1900 with 1 files
[504/1500] uploaded article 1903 with 1 files
[503/1500] uploaded article 1902 with 1 files
[505/1500] uploaded article 1904 with 1 files
[507/1500] uploaded article 1906 with 1 files
[506/1500] uploaded article 1905 with 1 files
[509/1500] uploaded article 1908 with 1 files
[508/1500] uploaded article 1907 with 1 files
[512/1500] uploaded article 1910 with 1 files
[511/1500] uploaded article 191 with 1 files
[510/1500] uploaded article 1909 with 1 files
[513/1500] uploaded article 1911 with 1 files
[516/1500] uploaded article 1914 with 1 files
[514/1500] uploaded article 1912 with 1 files
[515/1500] uploaded article 1913 with 1 files
[517/1500] uploaded article 1915 with 1 files
[518/1500] uploaded article 1916 with 1 files
[519/1500] uploaded article 1917 with 1 files
[520/1500] uploaded article 1917.00.05 with 1 files
[521/1500] uploaded article 1917.00.06 with 1 files
[522/1500] uploaded article 1917.00.23 with 1 files
[523/1500] uploaded article 1917.00.33 with 1 files
[524/1500] uploaded article 1917.00.45 with 1 files
[525/1500] uploaded article 1917.00.54 with 1 files
[526/1500] uploaded article 1917.00.55 with 1 files
[527/1500] uploaded article 1917.00.56 with 1 files
[528/1500] uploaded article 1917.00.57 with 1 files
[529/1500] uploaded article 1917.00.88 with 1 files
[531/1500] uploaded article 1917.00.90 with 1 files
[532/1500] uploaded article 1917.00.91 with 1 files
[533/1500] uploaded article 1917.00.95 with 1 files
[535/1500] uploaded article 1917.00.97 with 1 files
[534/1500] uploaded article 1917.00.96 with 1 files
[536/1500] uploaded article 1917.00.98 with 1 files
[530/1500] uploaded article 1917.00.89 with 1 files
[537/1500] uploaded article 1917.00.99 with 1 files
[538/1500] uploaded article 1917.02.31 with 1 files
[539/1500] uploaded article 1917.02.35 with 1 files
[540/1500] uploaded article 1917.02.37 with 1 files
[541/1500] uploaded article 1917.02.38 with 1 files
[542/1500] uploaded article 1917.02.39 with 1 files
[543/1500] uploaded article 1917.02.60 with 1 files
[544/1500] uploaded article 1918 with 1 files
[545/1500] uploaded article 1919 with 1 files
[546/1500] uploaded article 1919.00.17 with 1 files
[547/1500] uploaded article 1919.00.18 with 1 files
[548/1500] uploaded article 1919.00.19 with 1 files
[550/1500] uploaded article 1919.00.22 with 1 files
[549/1500] uploaded article 1919.00.20 with 1 files
[551/1500] uploaded article 1919.00.23 with 1 files
[552/1500] uploaded article 1919.00.24 with 1 files
[553/1500] uploaded article 1919.00.25 with 1 files
[555/1500] uploaded article 1919.00.31 with 1 files
[556/1500] uploaded article 1919.00.32 with 1 files
[557/1500] uploaded article 1919.00.38 with 1 files
[558/1500] uploaded article 1919.05.53 with 1 files
[554/1500] uploaded article 1919.00.30 with 1 files
[559/1500] uploaded article 1919.05.54 with 1 files
[560/1500] uploaded article 1919.05.56 with 1 files
[561/1500] uploaded article 1919.09.24 with 1 files
[562/1500] uploaded article 192 with 1 files
[563/1500] uploaded article 1920 with 1 files
[564/1500] uploaded article 1921 with 1 files
[565/1500] uploaded article 1922 with 1 files
[566/1500] uploaded article 1923 with 1 files
[567/1500] uploaded article 1924 with 1 files
[568/1500] uploaded article 1925 with 1 files
[569/1500] uploaded article 1927 with 1 files
[570/1500] uploaded article 1928 with 1 files
[571/1500] uploaded article 1929 with 1 files
[572/1500] uploaded article 193 with 1 files
[573/1500] uploaded article 1930 with 1 files
[574/1500] uploaded article 1931 with 1 files
[575/1500] uploaded article 1932 with 1 files
[576/1500] uploaded article 1933 with 1 files
[577/1500] uploaded article 1934 with 1 files
[578/1500] uploaded article 1935 with 1 files
[579/1500] uploaded article 1936 with 1 files
[580/1500] uploaded article 1937 with 1 files
[581/1500] uploaded article 1938 with 1 files
[582/1500] uploaded article 1939 with 1 files
[583/1500] uploaded article 194 with 1 files
[584/1500] uploaded article 1940 with 1 files
[585/1500] uploaded article 1942 with 1 files
[586/1500] uploaded article 1943 with 1 files
[588/1500] uploaded article 1945 with 1 files
[587/1500] uploaded article 1944 with 1 files
[589/1500] uploaded article 1946 with 1 files
[590/1500] uploaded article 1947 with 1 files
[591/1500] uploaded article 1948 with 1 files
[592/1500] uploaded article 1949 with 1 files
[593/1500] uploaded article 195 with 1 files
[594/1500] uploaded article 1950 with 1 files
[595/1500] uploaded article 1951 with 1 files
[596/1500] uploaded article 1952 with 1 files
[597/1500] uploaded article 1953 with 1 files
[598/1500] uploaded article 1954 with 1 files
[599/1500] uploaded article 1955 with 1 files
[600/1500] uploaded article 1956 with 1 files
[601/1500] uploaded article 1957 with 1 files
[602/1500] uploaded article 1958 with 1 files
[603/1500] uploaded article 1959 with 1 files
[604/1500] uploaded article 196 with 1 files
[605/1500] uploaded article 1960 with 1 files
[606/1500] uploaded article 1961 with 1 files
[607/1500] uploaded article 1962 with 1 files
[608/1500] uploaded article 1963 with 1 files
[610/1500] uploaded article 1965 with 1 files
[609/1500] uploaded article 1964 with 1 files
[611/1500] uploaded article 1966 with 1 files
[612/1500] uploaded article 1967 with 1 files
[613/1500] uploaded article 1969 with 1 files
[614/1500] uploaded article 197 with 1 files
[615/1500] uploaded article 1970 with 1 files
[616/1500] uploaded article 1972 with 1 files
[617/1500] uploaded article 1973 with 1 files
[618/1500] uploaded article 1974 with 1 files
[619/1500] uploaded article 1975 with 1 files
[620/1500] uploaded article 1976 with 1 files
[622/1500] uploaded article 1978 with 1 files
[621/1500] uploaded article 1977 with 1 files
[623/1500] uploaded article 1979 with 1 files
[624/1500] uploaded article 198 with 1 files
[626/1500] uploaded article 1981 with 1 files
[625/1500] uploaded article 1980 with 1 files
[627/1500] uploaded article 1983 with 1 files
[628/1500] uploaded article 1984 with 1 files
[629/1500] uploaded article 1985 with 1 files
[630/1500] uploaded article 1989 with 1 files
[631/1500] uploaded article 1990 with 1 files
[632/1500] uploaded article 1991 with 1 files
[633/1500] uploaded article 1992 with 1 files
[635/1500] uploaded article 1994 with 1 files
[634/1500] uploaded article 1993 with 1 files
[636/1500] uploaded article 1995 with 1 files
[637/1500] uploaded article 1996 with 1 files
[638/1500] uploaded article 1997 with 1 files
[639/1500] uploaded article 1998 with 1 files
[640/1500] uploaded article 1999 with 1 files
[641/1500] uploaded article 2 with 1 files
[642/1500] uploaded article 2.0 #01 with 1 files
[643/1500] uploaded article 2.0 #010 with 1 files
[644/1500] uploaded article 2.0 #011 with 1 files
[645/1500] uploaded article 2.0 #013 with 1 files
[647/1500] uploaded article 2.0 #019 with 1 files
[646/1500] uploaded article 2.0 #016 with 1 files
[648/1500] uploaded article 2.0 #02 with 1 files
[649/1500] uploaded article 2.0 #03 with 1 files
[650/1500] uploaded article 2.0 #04 with 1 files
[652/1500] uploaded article 2.0 #07 with 1 files
[651/1500] uploaded article 2.0 #05 with 1 files
[653/1500] uploaded article 2.0 #08 with 1 files
[654/1500] uploaded article 2.0#010 with 1 files
[655/1500] uploaded article 2.0#016 with 1 files
[657/1500] uploaded article 2.0#02 with 1 files
[656/1500] uploaded article 2.0#019 with 1 files
[658/1500] uploaded article 2.0#03 with 1 files
[660/1500] uploaded article 2.0#05 with 1 files
[659/1500] uploaded article 2.0#04 with 1 files
[661/1500] uploaded article 2.0#07 with 1 files
[662/1500] uploaded article 2.0#08 with 1 files
[663/1500] uploaded article 2.5 #01 with 1 files
[664/1500] uploaded article 2.5 #010 with 1 files
[665/1500] uploaded article 2.5 #011 with 1 files
[666/1500] uploaded article 2.5 #013 with 1 files
[667/1500] uploaded article 2.5 #016 with 1 files
[668/1500] uploaded article 2.5 #019 with 1 files
[669/1500] uploaded article 2.5 #02 with 1 files
[670/1500] uploaded article 2.5 #03 with 1 files
[671/1500] uploaded article 2.5 #04 with 1 files
[672/1500] uploaded article 2.5 #05 with 1 files
[673/1500] uploaded article 2.5 #07 with 1 files
[674/1500] uploaded article 2.5 #08 with 1 files
[675/1500] uploaded article 2.5 #19 with 1 files
[676/1500] uploaded article 2.8 #010 with 1 files
[677/1500] uploaded article 2.8 #011 with 1 files
[678/1500] uploaded article 2.8 #013 with 1 files
[679/1500] uploaded article 2.8 #019 with 1 files
[680/1500] uploaded article 2.8 #02 with 1 files
[681/1500] uploaded article 2.8 #04 with 1 files
[682/1500] uploaded article 2.8 #05 with 1 files
[683/1500] uploaded article 200 with 1 files
[684/1500] uploaded article 2000 with 1 files
[685/1500] uploaded article 2001 with 1 files
[686/1500] uploaded article 2003 with 1 files
[688/1500] uploaded article 2003390 with 1 files
[687/1500] uploaded article 2003360 with 1 files
[691/1500] uploaded article 2007 with 1 files
[692/1500] uploaded article 2008 with 1 files
[689/1500] uploaded article 2003420 with 1 files
[690/1500] uploaded article 2004 with 1 files
[693/1500] uploaded article 2009 with 1 files
[694/1500] uploaded article 201 with 1 files
[695/1500] uploaded article 2010 with 1 files
[697/1500] uploaded article 2010012 with 1 files
[696/1500] uploaded article 2010001 with 1 files
[698/1500] uploaded article 2010043 with 1 files
[699/1500] uploaded article 2010067 with 1 files
[701/1500] uploaded article 2011 with 1 files
[700/1500] uploaded article 2010143 with 1 files
[702/1500] uploaded article 20113 with 1 files
[703/1500] uploaded article 2012 with 1 files
[704/1500] uploaded article 2013 with 1 files
[705/1500] uploaded article 2014 with 1 files
[706/1500] uploaded article 2015 with 1 files
[707/1500] uploaded article 2016 with 1 files
[708/1500] uploaded article 2017 with 1 files
[710/1500] uploaded article 2019 with 1 files
[709/1500] uploaded article 2018 with 1 files
[711/1500] uploaded article 202 with 1 files
[712/1500] uploaded article 2020 with 1 files
[714/1500] uploaded article 2022 with 1 files
[713/1500] uploaded article 2021 with 1 files
[715/1500] uploaded article 2023 with 1 files
[719/1500] uploaded article 2023025 with 1 files
[717/1500] uploaded article 2023011 with 1 files
[716/1500] uploaded article 2023004 with 1 files
[718/1500] uploaded article 2023020 with 1 files
[720/1500] uploaded article 2024 with 1 files
[721/1500] uploaded article 2025 with 1 files
[722/1500] uploaded article 2026 with 1 files
[723/1500] uploaded article 2027 with 1 files
[724/1500] uploaded article 2028 with 1 files
[725/1500] uploaded article 2029 with 1 files
[726/1500] uploaded article 203 with 1 files
[727/1500] uploaded article 2030 with 1 files
[728/1500] uploaded article 2031 with 1 files
[729/1500] uploaded article 2032 with 1 files
[730/1500] uploaded article 2034 with 1 files
[731/1500] uploaded article 2035 with 1 files
[732/1500] uploaded article 2036 with 1 files
[733/1500] uploaded article 2037 with 1 files
[734/1500] uploaded article 2038 with 1 files
[736/1500] uploaded article 2039201 with 1 files
[735/1500] uploaded article 2039166 with 1 files
[737/1500] uploaded article 2039302 with 1 files
[739/1500] uploaded article 2039306 with 1 files
[740/1500] uploaded article 2039307 with 1 files
[738/1500] uploaded article 2039304 with 1 files
[741/1500] uploaded article 2039308 with 1 files
[742/1500] uploaded article 2039309 with 1 files
[743/1500] uploaded article 2039313 with 1 files
[744/1500] uploaded article 2039314 with 1 files
[745/1500] uploaded article 2039381 with 1 files
[747/1500] uploaded article 204 with 1 files
[746/1500] uploaded article 2039382 with 1 files
[748/1500] uploaded article 2044 with 1 files
[749/1500] uploaded article 2045 with 1 files
[751/1500] uploaded article 2047 with 1 files
[750/1500] uploaded article 2046 with 1 files
[752/1500] uploaded article 2048 with 1 files
[753/1500] uploaded article 2049 with 1 files
[754/1500] uploaded article 205 with 1 files
[755/1500] uploaded article 2050 with 1 files
[757/1500] uploaded article 2052 with 1 files
[756/1500] uploaded article 2051 with 1 files
[760/1500] uploaded article 2057 with 1 files
[761/1500] uploaded article 2058 with 1 files
[758/1500] uploaded article 2053 with 1 files
[759/1500] uploaded article 2056 with 1 files
[762/1500] uploaded article 2059 with 1 files
[764/1500] uploaded article 2060 with 1 files
[765/1500] uploaded article 2061 with 1 files
[763/1500] uploaded article 206 with 1 files
[766/1500] uploaded article 2066 with 1 files
[767/1500] uploaded article 207 with 1 files
[768/1500] uploaded article 2072 with 1 files
[769/1500] uploaded article 2073 with 1 files
[770/1500] uploaded article 2074 with 1 files
[771/1500] uploaded article 2075 with 1 files
[772/1500] uploaded article 2077 with 1 files
[773/1500] uploaded article 2078 with 1 files
[774/1500] uploaded article 2079 with 1 files
[777/1500] uploaded article 2081 with 1 files
[775/1500] uploaded article 208 with 1 files
[776/1500] uploaded article 2080 with 1 files
[780/1500] uploaded article 2084 with 1 files
[779/1500] uploaded article 2083 with 1 files
[778/1500] uploaded article 2082 with 1 files
[781/1500] uploaded article 2085 with 1 files
[782/1500] uploaded article 2086 with 1 files
[784/1500] uploaded article 2088 with 1 files
[783/1500] uploaded article 2087 with 1 files
[785/1500] uploaded article 209 with 1 files
[787/1500] uploaded article 2090-360 with 1 files
[786/1500] uploaded article 2090 with 1 files
[788/1500] uploaded article 2091 with 1 files
[789/1500] uploaded article 2092 with 1 files
[790/1500] uploaded article 2093 with 1 files
[791/1500] uploaded article 2093-360 with 1 files
[792/1500] uploaded article 2094 with 1 files
[793/1500] uploaded article 2096 with 1 files
[795/1500] uploaded article 2097 with 1 files
[794/1500] uploaded article 2096-360 with 1 files
[796/1500] uploaded article 2097-360 with 1 files
[797/1500] uploaded article 2098 with 1 files
[800/1500] uploaded article 2100 with 1 files
[801/1500] uploaded article 2101 with 1 files
[799/1500] uploaded article 210 with 1 files
[798/1500] uploaded article 2099 with 1 files
[802/1500] uploaded article 2102 with 1 files
[804/1500] uploaded article 210246 with 1 files
[805/1500] uploaded article 2103 with 1 files
[803/1500] uploaded article 210245 with 1 files
[806/1500] uploaded article 2104 with 1 files
[807/1500] uploaded article 2105 with 1 files
[808/1500] uploaded article 2106 with 1 files
[809/1500] uploaded article 2107 with 1 files
[811/1500] uploaded article 2109 with 1 files
[810/1500] uploaded article 2108 with 1 files
[812/1500] uploaded article 211 with 1 files
[813/1500] uploaded article 2110 with 1 files
[814/1500] uploaded article 2110002 with 1 files
[815/1500] uploaded article 2110005 with 1 files
[817/1500] uploaded article 2110044 with 1 files
[816/1500] uploaded article 2110043 with 1 files
[818/1500] uploaded article 2110123 with 1 files
[819/1500] uploaded article 2110136 with 1 files
[820/1500] uploaded article 2110138 with 1 files
[821/1500] uploaded article 2111 with 1 files
[822/1500] uploaded article 2112 with 1 files
[823/1500] uploaded article 2113 with 1 files
[824/1500] uploaded article 2114 with 1 files
[825/1500] uploaded article 2115 with 1 files
[826/1500] uploaded article 2116 with 1 files
[827/1500] uploaded article 2117 with 1 files
[828/1500] uploaded article 2119 with 1 files
[829/1500] uploaded article 212 with 1 files
[831/1500] uploaded article 2120100 with 1 files
[830/1500] uploaded article 2120 with 1 files
[833/1500] uploaded article 2120102 with 1 files
[832/1500] uploaded article 2120101 with 1 files
[835/1500] uploaded article 2120104 with 1 files
[834/1500] uploaded article 2120103 with 1 files
[836/1500] uploaded article 2120105 with 1 files
[837/1500] uploaded article 2121 with 1 files
[838/1500] uploaded article 2122 with 1 files
[840/1500] uploaded article 2124 with 1 files
[839/1500] uploaded article 2123 with 1 files
[841/1500] uploaded article 2125 with 1 files
[842/1500] uploaded article 2126 with 1 files
[843/1500] uploaded article 2127 with 1 files
[845/1500] uploaded article 2129 with 1 files
[844/1500] uploaded article 2128 with 1 files
[846/1500] uploaded article 213 with 1 files
[847/1500] uploaded article 2130 with 1 files
[848/1500] uploaded article 2131 with 1 files
[849/1500] uploaded article 2133 with 1 files
[851/1500] uploaded article 2136278 with 1 files
[850/1500] uploaded article 2135 with 1 files
[852/1500] uploaded article 2137 with 1 files
[853/1500] uploaded article 2138 with 1 files
[854/1500] uploaded article 2139 with 1 files
[855/1500] uploaded article 214 with 1 files
[856/1500] uploaded article 2140 with 1 files
[857/1500] uploaded article 2140K with 1 files
[858/1500] uploaded article 2141 with 1 files
[860/1500] uploaded article 2143 with 1 files
[859/1500] uploaded article 2142 with 1 files
[861/1500] uploaded article 2144 with 1 files
[862/1500] uploaded article 2145 with 1 files
[863/1500] uploaded article 2146 with 1 files
[864/1500] uploaded article 2147 with 1 files
[865/1500] uploaded article 215 with 1 files
[866/1500] uploaded article 2153 with 1 files
[867/1500] uploaded article 2154 with 1 files
[868/1500] uploaded article 2155 with 1 files
[869/1500] uploaded article 2156 with 1 files
[870/1500] uploaded article 2157 with 1 files
[871/1500] uploaded article 2158 with 1 files
[872/1500] uploaded article 2160 with 1 files
[873/1500] uploaded article 2161 with 1 files
[874/1500] uploaded article 2162 with 1 files
[875/1500] uploaded article 2163 with 1 files
[876/1500] uploaded article 2164 with 1 files
[877/1500] uploaded article 2165 with 1 files
[878/1500] uploaded article 2166 with 1 files
[879/1500] uploaded article 2167 with 1 files
[880/1500] uploaded article 2168 with 1 files
[881/1500] uploaded article 2169 with 1 files
[882/1500] uploaded article 2170 with 1 files
[884/1500] uploaded article 2172 with 1 files
[885/1500] uploaded article 2173 with 1 files
[886/1500] uploaded article 2174 with 1 files
[883/1500] uploaded article 2171 with 1 files
[887/1500] uploaded article 2175 with 1 files
[889/1500] uploaded article 2177 with 1 files
[888/1500] uploaded article 2176 with 1 files
[890/1500] uploaded article 2178 with 1 files
[892/1500] uploaded article 218 with 1 files
[891/1500] uploaded article 2179 with 1 files
[893/1500] uploaded article 2180 with 1 files
[894/1500] uploaded article 2181 with 1 files
[895/1500] uploaded article 2182 with 1 files
[896/1500] uploaded article 2183 with 1 files
[897/1500] uploaded article 2184 with 1 files
[898/1500] uploaded article 2185 with 1 files
[899/1500] uploaded article 2186 with 1 files
[900/1500] uploaded article 2187 with 1 files
[901/1500] uploaded article 2188 with 1 files
[902/1500] uploaded article 2189 with 1 files
[903/1500] uploaded article 219 with 1 files
[905/1500] uploaded article 2191 with 1 files
[904/1500] uploaded article 2190 with 1 files
[906/1500] uploaded article 2192 with 1 files
[907/1500] uploaded article 2193 with 1 files
[908/1500] uploaded article 2194 with 1 files
[909/1500] uploaded article 2195 with 1 files
[911/1500] uploaded article 2197 with 1 files
[910/1500] uploaded article 2196 with 1 files
[912/1500] uploaded article 2198 with 1 files
[913/1500] uploaded article 2199 with 1 files
[914/1500] uploaded article 22-01-003 with 1 files
[915/1500] uploaded article 22-01-004 with 1 files
[916/1500] uploaded article 22-02-003 with 1 files
[917/1500] uploaded article 22-20-003 with 1 files
[918/1500] uploaded article 22-20-004 with 1 files
[919/1500] uploaded article 22-21-003 with 1 files
[920/1500] uploaded article 22-21-004 with 1 files
[921/1500] uploaded article 220 with 1 files
[922/1500] uploaded article 2200 with 1 files
[925/1500] uploaded article 2203 with 1 files
[923/1500] uploaded article 2201 with 1 files
[924/1500] uploaded article 2202 with 1 files
[926/1500] uploaded article 2204 with 1 files
[928/1500] uploaded article 2206 with 1 files
[927/1500] uploaded article 2205 with 1 files
[929/1500] uploaded article 2207 with 1 files
[930/1500] uploaded article 2208 with 1 files
[931/1500] uploaded article 2209 with 1 files
[932/1500] uploaded article 221 with 1 files
[933/1500] uploaded article 2210 with 1 files
[934/1500] uploaded article 2211 with 1 files
[935/1500] uploaded article 2214 with 1 files
[936/1500] uploaded article 2216 with 1 files
[937/1500] uploaded article 2217 with 1 files
[938/1500] uploaded article 2218 with 1 files
[940/1500] uploaded article 222 with 1 files
[941/1500] uploaded article 2220 with 1 files
[939/1500] uploaded article 2219 with 1 files
[942/1500] uploaded article 2221 with 1 files
[945/1500] uploaded article 2224 with 1 files
[944/1500] uploaded article 2223 with 1 files
[943/1500] uploaded article 2222 with 1 files
[946/1500] uploaded article 2225 with 1 files
[947/1500] uploaded article 2225242 with 1 files
[949/1500] uploaded article 2227 with 1 files
[948/1500] uploaded article 2226 with 1 files
[950/1500] uploaded article 2228 with 1 files
[951/1500] uploaded article 2229 with 1 files
[952/1500] uploaded article 223 with 1 files
[953/1500] uploaded article 223-210 with 1 files
[954/1500] uploaded article 223-240 with 1 files
[955/1500] uploaded article 2230 with 1 files
[956/1500] uploaded article 2231 with 1 files
[957/1500] uploaded article 2232 with 1 files
[958/1500] uploaded article 2233 with 1 files
[960/1500] uploaded article 2235 with 1 files
[959/1500] uploaded article 2234 with 1 files
[961/1500] uploaded article 2236 with 1 files
[962/1500] uploaded article 2237 with 1 files
[963/1500] uploaded article 2238 with 1 files
[964/1500] uploaded article 2239 with 1 files
[965/1500] uploaded article 224 with 1 files
[966/1500] uploaded article 2240 with 1 files
[968/1500] uploaded article 2242 with 1 files
[969/1500] uploaded article 2243 with 1 files
[967/1500] uploaded article 2241 with 1 files
[970/1500] uploaded article 2249 with 1 files
[972/1500] uploaded article 2250 with 1 files
[973/1500] uploaded article 2251 with 1 files
[971/1500] uploaded article 225 with 1 files
[974/1500] uploaded article 2255 with 1 files
[976/1500] uploaded article 2257 with 1 files
[977/1500] uploaded article 2258 with 1 files
[975/1500] uploaded article 2256 with 1 files
[978/1500] uploaded article 2259 with 1 files
[979/1500] uploaded article 226 with 1 files
[981/1500] uploaded article 2261 with 1 files
[980/1500] uploaded article 2260 with 1 files
[982/1500] uploaded article 2263 with 1 files
[984/1500] uploaded article 2265 with 1 files
[983/1500] uploaded article 2264 with 1 files
[985/1500] uploaded article 2266 with 1 files
[986/1500] uploaded article 2266.78.23 with 1 files
[988/1500] uploaded article 2268 with 1 files
[987/1500] uploaded article 2267 with 1 files
[989/1500] uploaded article 2269 with 1 files
[990/1500] uploaded article 227 with 1 files
[992/1500] uploaded article 2271 with 1 files
[991/1500] uploaded article 2270 with 1 files
[993/1500] uploaded article 2273 with 1 files
[994/1500] uploaded article 2278 with 1 files
[995/1500] uploaded article 228 with 1 files
[996/1500] uploaded article 2280 with 1 files
[997/1500] uploaded article 2281 with 1 files
[998/1500] uploaded article 2282 with 1 files
[1001/1500] uploaded article 2285 with 1 files
[1002/1500] uploaded article 2286 with 1 files
[1000/1500] uploaded article 2284 with 1 files
[999/1500] uploaded article 2283 with 1 files
[1006/1500] uploaded article 2289 with 1 files
[1003/1500] uploaded article 2286228 with 1 files
[1005/1500] uploaded article 2288 with 1 files
[1004/1500] uploaded article 2287 with 1 files
[1008/1500] uploaded article 2290 with 1 files
[1009/1500] uploaded article 2291 with 1 files
[1010/1500] uploaded article 2292 with 1 files
[1011/1500] uploaded article 2294 with 1 files
[1012/1500] uploaded article 2295 with 1 files
[1013/1500] uploaded article 2296 with 1 files
[1007/1500] uploaded article 229 with 1 files
[1015/1500] uploaded article 2298 with 1 files
[1014/1500] uploaded article 2297 with 1 files
[1016/1500] uploaded article 2299 with 1 files
[1017/1500] uploaded article 23-5 with 1 files
[1019/1500] uploaded article 2300 with 1 files
[1020/1500] uploaded article 2301 with 1 files
[1018/1500] uploaded article 230 with 1 files
[1021/1500] uploaded article 2302 with 1 files
[1022/1500] uploaded article 2303 with 1 files
[1024/1500] uploaded article 2305 with 1 files
[1023/1500] uploaded article 2304 with 1 files
[1025/1500] uploaded article 2306 with 1 files
[1026/1500] uploaded article 2307 with 1 files
[1027/1500] uploaded article 2307401 with 1 files
[1028/1500] uploaded article 2308 with 1 files
[1029/1500] uploaded article 2309 with 1 files
[1030/1500] uploaded article 2310 with 1 files
[1031/1500] uploaded article 2311 with 1 files
[1032/1500] uploaded article 2312 with 1 files
[1033/1500] uploaded article 2313 with 1 files
[1034/1500] uploaded article 2314 with 1 files
[1035/1500] uploaded article 2315 with 1 files
[1036/1500] uploaded article 2316 with 1 files
[1037/1500] uploaded article 2317 with 1 files
[1038/1500] uploaded article 2317501 with 1 files
[1040/1500] uploaded article 2319 with 1 files
[1039/1500] uploaded article 2318 with 1 files
[1041/1500] uploaded article 232 with 1 files
[1043/1500] uploaded article 2321 with 1 files
[1044/1500] uploaded article 2322 with 1 files
[1042/1500] uploaded article 2320 with 1 files
[1045/1500] uploaded article 2323 with 1 files
[1046/1500] uploaded article 2324 with 1 files
[1047/1500] uploaded article 2325 with 1 files
[1048/1500] uploaded article 2326 with 1 files
[1050/1500] uploaded article 2327601 with 1 files
[1049/1500] uploaded article 2327 with 1 files
[1051/1500] uploaded article 233 with 1 files
[1052/1500] uploaded article 2333 with 1 files
[1055/1500] uploaded article 2336 with 1 files
[1053/1500] uploaded article 2334 with 1 files
[1054/1500] uploaded article 2335 with 1 files
[1058/1500] uploaded article 2337501 with 1 files
[1057/1500] uploaded article 2337401 with 1 files
[1056/1500] uploaded article 2337 with 1 files
[1059/1500] uploaded article 2339 with 1 files
[1062/1500] uploaded article 2343401 with 1 files
[1060/1500] uploaded article 234 with 1 files
[1061/1500] uploaded article 2343 with 1 files
[1063/1500] uploaded article 2343501 with 1 files
[1064/1500] uploaded article 2344 with 1 files
[1065/1500] uploaded article 2345 with 1 files
[1066/1500] uploaded article 2346 with 1 files
[1067/1500] uploaded article 2347 with 1 files
[1068/1500] uploaded article 2348 with 1 files
[1070/1500] uploaded article 2352 with 1 files
[1069/1500] uploaded article 235 with 1 files
[1071/1500] uploaded article 236 with 1 files
[1072/1500] uploaded article 2362 with 1 files
[1075/1500] uploaded article 2365 with 1 files
[1074/1500] uploaded article 2364 with 1 files
[1073/1500] uploaded article 2363 with 1 files
[1076/1500] uploaded article 2366 with 1 files
[1078/1500] uploaded article 2370 with 1 files
[1077/1500] uploaded article 2367 with 1 files
[1079/1500] uploaded article 2372 with 1 files
[1080/1500] uploaded article 2374 with 1 files
[1081/1500] uploaded article 2375 with 1 files
[1082/1500] uploaded article 2376 with 1 files
[1083/1500] uploaded article 2377 with 1 files
[1084/1500] uploaded article 2379 with 1 files
[1085/1500] uploaded article 238 with 1 files
[1086/1500] uploaded article 2380 with 1 files
[1087/1500] uploaded article 2381 with 1 files
[1088/1500] uploaded article 2382 with 1 files
[1089/1500] uploaded article 2383 with 1 files
[1091/1500] uploaded article 2388 with 1 files
[1090/1500] uploaded article 2387 with 1 files
[1093/1500] uploaded article 239 with 1 files
[1094/1500] uploaded article 2390 with 1 files
[1092/1500] uploaded article 2389 with 1 files
[1095/1500] uploaded article 2391 with 1 files
[1097/1500] uploaded article 2393 with 1 files
[1098/1500] uploaded article 2394 with 1 files
[1096/1500] uploaded article 2392 with 1 files
[1101/1500] uploaded article 2397 with 1 files
[1100/1500] uploaded article 2396 with 1 files
[1099/1500] uploaded article 2395 with 1 files
[1102/1500] uploaded article 2398 with 1 files
[1103/1500] uploaded article 2399 with 1 files
[1104/1500] uploaded article 24 with 1 files
[1106/1500] uploaded article 2400 with 1 files
[1107/1500] uploaded article 2401 with 1 files
[1105/1500] uploaded article 240 with 4 files
[1108/1500] uploaded article 2402 with 1 files
[1109/1500] uploaded article 2403 with 1 files
[1110/1500] uploaded article 2404 with 1 files
[1111/1500] uploaded article 2405 with 1 files
[1112/1500] uploaded article 2406 with 1 files
[1113/1500] uploaded article 2407 with 1 files
[1114/1500] uploaded article 2408 with 1 files
[1115/1500] uploaded article 2409 with 1 files
[1116/1500] uploaded article 241 with 1 files
[1118/1500] uploaded article 2411 with 1 files
[1117/1500] uploaded article 2410 with 1 files
[1119/1500] uploaded article 2412 with 1 files
[1120/1500] uploaded article 2413 with 1 files
[1122/1500] uploaded article 2415 with 1 files
[1121/1500] uploaded article 2414 with 1 files
[1123/1500] uploaded article 2416 with 1 files
[1124/1500] uploaded article 2417 with 1 files
[1126/1500] uploaded article 2419 with 1 files
[1127/1500] uploaded article 2419401 with 1 files
[1125/1500] uploaded article 2418 with 1 files
[1128/1500] uploaded article 2419501 with 1 files
[1129/1500] uploaded article 242 with 1 files
[1131/1500] uploaded article 2421 with 1 files
[1130/1500] uploaded article 2420 with 1 files
[1132/1500] uploaded article 2422 with 1 files
[1133/1500] uploaded article 2422051 with 1 files
[1134/1500] uploaded article 2423 with 1 files
[1135/1500] uploaded article 2426 with 1 files
[1136/1500] uploaded article 2427 with 1 files
[1137/1500] uploaded article 2428 with 1 files
[1140/1500] uploaded article 2430 with 1 files
[1139/1500] uploaded article 243 with 1 files
[1138/1500] uploaded article 2429 with 1 files
[1141/1500] uploaded article 2431 with 1 files
[1144/1500] uploaded article 2434 with 1 files
[1142/1500] uploaded article 2432 with 1 files
[1143/1500] uploaded article 2433 with 1 files
[1145/1500] uploaded article 2435 with 1 files
[1147/1500] uploaded article 2437 with 1 files
[1148/1500] uploaded article 2438 with 1 files
[1146/1500] uploaded article 2436 with 1 files
[1149/1500] uploaded article 2439 with 1 files
[1150/1500] uploaded article 2440 with 1 files
[1151/1500] uploaded article 2441 with 1 files
[1152/1500] uploaded article 2444 with 1 files
[1153/1500] uploaded article 2445 with 1 files
[1154/1500] uploaded article 2446 with 1 files
[1155/1500] uploaded article 2447 with 1 files
[1156/1500] uploaded article 2448 with 1 files
[1157/1500] uploaded article 2449 with 1 files
[1158/1500] uploaded article 2450 with 1 files
[1159/1500] uploaded article 2451 with 1 files
[1161/1500] uploaded article 2452 with 1 files
[1160/1500] uploaded article 2451403 with 1 files
[1162/1500] uploaded article 2452501 with 1 files
[1163/1500] uploaded article 2453 with 1 files
[1165/1500] uploaded article 2455 with 1 files
[1164/1500] uploaded article 2454 with 1 files
[1166/1500] uploaded article 2456 with 1 files
[1167/1500] uploaded article 2457 with 1 files
[1169/1500] uploaded article 2459 with 1 files
[1168/1500] uploaded article 2458 with 1 files
[1170/1500] uploaded article 2460 with 1 files
[1171/1500] uploaded article 2460352 with 1 files
[1172/1500] uploaded article 2460502 with 1 files
[1173/1500] uploaded article 2463 with 1 files
[1174/1500] uploaded article 2464 with 1 files
[1175/1500] uploaded article 2465 with 1 files
[1177/1500] uploaded article 2468 with 1 files
[1176/1500] uploaded article 2466 with 1 files
[1178/1500] uploaded article 2469 with 1 files
[1179/1500] uploaded article 247 with 1 files
[1180/1500] uploaded article 2470 with 1 files
[1181/1500] uploaded article 2471 with 1 files
[1182/1500] uploaded article 2472 with 1 files
[1183/1500] uploaded article 2473 with 1 files
[1184/1500] uploaded article 2474 with 1 files
[1185/1500] uploaded article 2475 with 1 files
[1186/1500] uploaded article 2476 with 1 files
[1187/1500] uploaded article 2477 with 1 files
[1188/1500] uploaded article 2478 with 1 files
[1189/1500] uploaded article 2479 with 1 files
[1190/1500] uploaded article 248 with 1 files
[1191/1500] uploaded article 2480 with 1 files
[1192/1500] uploaded article 2481 with 1 files
[1193/1500] uploaded article 2482 with 1 files
[1194/1500] uploaded article 2483 with 1 files
[1195/1500] uploaded article 2484 with 1 files
[1196/1500] uploaded article 2485 with 1 files
[1198/1500] uploaded article 249 with 1 files
[1200/1500] uploaded article 2491 with 1 files
[1199/1500] uploaded article 2490 with 1 files
[1197/1500] uploaded article 2486 with 1 files
[1201/1500] uploaded article 2492 with 1 files
[1202/1500] uploaded article 2493 with 1 files
[1204/1500] uploaded article 2496 with 1 files
[1203/1500] uploaded article 2495 with 1 files
[1205/1500] uploaded article 2497 with 1 files
[1206/1500] uploaded article 24974 with 1 files
[1207/1500] uploaded article 2498 with 1 files
[1208/1500] uploaded article 2499 with 1 files
[1209/1500] uploaded article 25 with 1 files
[1210/1500] uploaded article 25 04 000 with 1 files
[1212/1500] uploaded article 250 with 1 files
[1211/1500] uploaded article 25-7 with 1 files
[1213/1500] uploaded article 2500 with 1 files
[1214/1500] uploaded article 2500200 with 1 files
[1216/1500] uploaded article 2502 with 1 files
[1215/1500] uploaded article 2501 with 1 files
[1217/1500] uploaded article 2503 with 1 files
[1218/1500] uploaded article 2504 with 1 files
[1219/1500] uploaded article 2505 with 1 files
[1220/1500] uploaded article 2505015 with 1 files
[1221/1500] uploaded article 2506 with 1 files
[1222/1500] uploaded article 2507 with 1 files
[1223/1500] uploaded article 2508 with 1 files
[1224/1500] uploaded article 2509 with 1 files
[1226/1500] uploaded article 2510106 with 1 files
[1227/1500] uploaded article 2510107 with 1 files
[1225/1500] uploaded article 251 with 1 files
[1228/1500] uploaded article 2510110 with 1 files
[1229/1500] uploaded article 2510111 with 1 files
[1230/1500] uploaded article 2510112 with 1 files
[1232/1500] uploaded article 2514 with 1 files
[1231/1500] uploaded article 2513 with 1 files
[1234/1500] uploaded article 2517 with 1 files
[1233/1500] uploaded article 2515 with 1 files
[1235/1500] uploaded article 2518 with 1 files
[1236/1500] uploaded article 2519 with 1 files
[1237/1500] uploaded article 252 with 1 files
[1238/1500] uploaded article 2520 with 1 files
[1239/1500] uploaded article 2521 with 1 files
[1240/1500] uploaded article 2522 with 1 files
[1241/1500] uploaded article 2523 with 1 files
[1242/1500] uploaded article 2524 with 1 files
[1243/1500] uploaded article 2525 with 1 files
[1244/1500] uploaded article 2526 with 1 files
[1245/1500] uploaded article 2527 with 1 files
[1246/1500] uploaded article 2528 with 1 files
[1247/1500] uploaded article 2529 with 1 files
[1248/1500] uploaded article 253 with 1 files
[1249/1500] uploaded article 2530 with 1 files
[1250/1500] uploaded article 2534 with 1 files
[1251/1500] uploaded article 2536 with 1 files
[1252/1500] uploaded article 2537 with 1 files
[1255/1500] uploaded article 2539002 with 1 files
[1253/1500] uploaded article 2538 with 1 files
[1254/1500] uploaded article 2539 with 1 files
[1256/1500] uploaded article 2539003 with 1 files
[1257/1500] uploaded article 2539007 with 1 files
[1260/1500] uploaded article 2541 with 1 files
[1259/1500] uploaded article 2540 with 1 files
[1263/1500] uploaded article 2544 with 1 files
[1262/1500] uploaded article 2543 with 1 files
[1261/1500] uploaded article 2542 with 1 files
[1258/1500] uploaded article 254 with 1 files
[1264/1500] uploaded article 2545 with 1 files
[1265/1500] uploaded article 2546 with 1 files
[1266/1500] uploaded article 2547 with 1 files
[1267/1500] uploaded article 2548 with 1 files
[1269/1500] uploaded article 255 with 1 files
[1268/1500] uploaded article 2549 with 1 files
[1271/1500] uploaded article 2551 with 1 files
[1270/1500] uploaded article 2550 with 1 files
[1272/1500] uploaded article 2552 with 1 files
[1273/1500] uploaded article 2553 with 1 files
[1274/1500] uploaded article 2554 with 1 files
[1276/1500] uploaded article 2556 with 1 files
[1275/1500] uploaded article 2555 with 1 files
[1278/1500] uploaded article 2558 with 1 files
[1279/1500] uploaded article 2559 with 1 files
[1280/1500] uploaded article 256 with 1 files
[1277/1500] uploaded article 2557 with 1 files
[1281/1500] uploaded article 2560 with 1 files
[1283/1500] uploaded article 2562 with 1 files
[1284/1500] uploaded article 2563 with 1 files
[1282/1500] uploaded article 2561 with 1 files
[1285/1500] uploaded article 2564 with 1 files
[1287/1500] uploaded article 2566 with 1 files
[1286/1500] uploaded article 2565 with 1 files
[1288/1500] uploaded article 2567 with 1 files
[1289/1500] uploaded article 2568 with 1 files
[1291/1500] uploaded article 257 with 1 files
[1290/1500] uploaded article 2569 with 1 files
[1292/1500] uploaded article 2570 with 1 files
[1293/1500] uploaded article 2571 with 1 files
[1294/1500] uploaded article 2572 with 1 files
[1295/1500] uploaded article 2573 with 1 files
[1296/1500] uploaded article 2574 with 1 files
[1297/1500] uploaded article 2575 with 1 files
[1298/1500] uploaded article 2576 with 1 files
[1299/1500] uploaded article 2577 with 1 files
[1300/1500] uploaded article 2579 with 1 files
[1302/1500] uploaded article 2580 with 1 files
[1301/1500] uploaded article 258 with 1 files
[1303/1500] uploaded article 2581 with 1 files
[1304/1500] uploaded article 2582 with 1 files
[1307/1500] uploaded article 2585 with 1 files
[1305/1500] uploaded article 2583 with 1 files
[1306/1500] uploaded article 2584 with 1 files
[1308/1500] uploaded article 2586 with 1 files
[1309/1500] uploaded article 2587 with 1 files
[1312/1500] uploaded article 259 with 1 files
[1310/1500] uploaded article 2588 with 1 files
[1311/1500] uploaded article 2589 with 1 files
[1313/1500] uploaded article 2590 with 1 files
[1315/1500] uploaded article 2592 with 1 files
[1314/1500] uploaded article 2591 with 1 files
[1316/1500] uploaded article 2593 with 1 files
[1317/1500] uploaded article 2594 with 1 files
[1319/1500] uploaded article 2596 with 1 files
[1320/1500] uploaded article 2597 with 1 files
[1318/1500] uploaded article 2595 with 1 files
[1321/1500] uploaded article 2598 with 1 files
[1322/1500] uploaded article 2599 with 1 files
[1323/1500] uploaded article 26 with 1 files
[1324/1500] uploaded article 260 with 1 files
[1325/1500] uploaded article 2600 with 1 files
[1326/1500] uploaded article 2601 with 1 files
[1327/1500] uploaded article 2602 with 1 files
[1328/1500] uploaded article 2603 with 1 files
[1329/1500] uploaded article 2604 with 1 files
[1330/1500] uploaded article 2605 with 1 files
[1332/1500] uploaded article 2607 with 1 files
[1331/1500] uploaded article 2606 with 1 files
[1333/1500] uploaded article 2608 with 1 files
[1336/1500] uploaded article 2610 with 1 files
[1335/1500] uploaded article 261 with 1 files
[1334/1500] uploaded article 2609 with 1 files
[1337/1500] uploaded article 2611 with 1 files
[1338/1500] uploaded article 2612 with 1 files
[1339/1500] uploaded article 2613 with 1 files
[1340/1500] uploaded article 2615 with 1 files
[1341/1500] uploaded article 2616 with 1 files
[1342/1500] uploaded article 2617 with 1 files
[1343/1500] uploaded article 2618 with 1 files
[1344/1500] uploaded article 2619 with 1 files
[1347/1500] uploaded article 2621 with 1 files
[1345/1500] uploaded article 262 with 1 files
[1346/1500] uploaded article 2620 with 1 files
[1348/1500] uploaded article 2622 with 1 files
[1351/1500] uploaded article 2625 with 1 files
[1350/1500] uploaded article 2624 with 1 files
[1349/1500] uploaded article 2623 with 1 files
[1352/1500] uploaded article 2626 with 1 files
[1353/1500] uploaded article 2627 with 1 files
[1354/1500] uploaded article 2628 with 1 files
[1355/1500] uploaded article 2629 with 1 files
[1356/1500] uploaded article 263 with 1 files
[1357/1500] uploaded article 2630 with 1 files
[1358/1500] uploaded article 2631 with 1 files
[1359/1500] uploaded article 2632 with 1 files
[1360/1500] uploaded article 2633 with 1 files
[1361/1500] uploaded article 2634 with 1 files
[1363/1500] uploaded article 2636 with 1 files
[1362/1500] uploaded article 2635 with 1 files
[1364/1500] uploaded article 2637 with 1 files
[1365/1500] uploaded article 2638 with 1 files
[1366/1500] uploaded article 2639 with 1 files
[1367/1500] uploaded article 264 with 1 files
[1368/1500] uploaded article 2640 with 1 files
[1369/1500] uploaded article 2641 with 1 files
[1370/1500] uploaded article 2642 with 1 files
[1371/1500] uploaded article 264200 with 1 files
[1372/1500] uploaded article 2643 with 1 files
[1373/1500] uploaded article 2644 with 1 files
[1374/1500] uploaded article 2645 with 1 files
[1375/1500] uploaded article 2646 with 1 files
[1376/1500] uploaded article 2647 with 1 files
[1377/1500] uploaded article 2648 with 1 files
[1378/1500] uploaded article 2649 with 1 files
[1379/1500] uploaded article 265 with 1 files
[1380/1500] uploaded article 2650 with 1 files
[1381/1500] uploaded article 2651 with 1 files
[1382/1500] uploaded article 2652 with 1 files
[1383/1500] uploaded article 2653 with 1 files
[1384/1500] uploaded article 2654 with 1 files
[1385/1500] uploaded article 265444 with 1 files
[1386/1500] uploaded article 2655 with 1 files
[1387/1500] uploaded article 2656 with 1 files
[1388/1500] uploaded article 2657 with 1 files
[1389/1500] uploaded article 2658 with 1 files
[1390/1500] uploaded article 2659 with 1 files
[1391/1500] uploaded article 266 with 1 files
[1392/1500] uploaded article 2660 with 1 files
[1394/1500] uploaded article 2662 with 1 files
[1393/1500] uploaded article 2661 with 1 files
[1395/1500] uploaded article 2663 with 1 files
[1396/1500] uploaded article 2664 with 1 files
[1398/1500] uploaded article 2666 with 1 files
[1399/1500] uploaded article 2667 with 1 files
[1397/1500] uploaded article 2665 with 1 files
[1401/1500] uploaded article 2669 with 1 files
[1403/1500] uploaded article 2670 with 1 files
[1402/1500] uploaded article 267 with 1 files
[1400/1500] uploaded article 2668 with 1 files
[1404/1500] uploaded article 2671 with 1 files
[1405/1500] uploaded article 2672 with 1 files
[1406/1500] uploaded article 2673 with 1 files
[1407/1500] uploaded article 2674 with 1 files
[1408/1500] uploaded article 2675 with 1 files
[1409/1500] uploaded article 2676 with 1 files
[1410/1500] uploaded article 2677 with 1 files
[1411/1500] uploaded article 2679 with 1 files
[1412/1500] uploaded article 268 with 1 files
[1413/1500] uploaded article 2682 with 1 files
[1414/1500] uploaded article 2683 with 1 files
[1415/1500] uploaded article 2684 with 1 files
[1416/1500] uploaded article 2685 with 1 files
[1417/1500] uploaded article 2686 with 1 files
[1418/1500] uploaded article 2687 with 1 files
[1419/1500] uploaded article 2688 with 1 files
[1420/1500] uploaded article 2689 with 1 files
[1421/1500] uploaded article 269 with 1 files
[1422/1500] uploaded article 2690 with 1 files
[1424/1500] uploaded article 2691 with 1 files
[1423/1500] uploaded article 269096 with 1 files
[1425/1500] uploaded article 2692 with 1 files
[1426/1500] uploaded article 2693 with 1 files
[1428/1500] uploaded article 2694 with 1 files
[1430/1500] uploaded article 2696 with 1 files
[1429/1500] uploaded article 2695 with 1 files
[1427/1500] uploaded article 269374 with 1 files
[1431/1500] uploaded article 2697 with 1 files
[1432/1500] uploaded article 2698 with 1 files
[1434/1500] uploaded article 27 with 1 files
[1435/1500] uploaded article 270 with 1 files
[1436/1500] uploaded article 2700 with 1 files
[1433/1500] uploaded article 2699 with 1 files
[1438/1500] uploaded article 2702 with 1 files
[1439/1500] uploaded article 2703 with 1 files
[1440/1500] uploaded article 2704 with 1 files
[1437/1500] uploaded article 2701 with 1 files
[1441/1500] uploaded article 2705 with 1 files
[1442/1500] uploaded article 2706 with 1 files
[1444/1500] uploaded article 2708 with 1 files
[1443/1500] uploaded article 2707 with 1 files
[1445/1500] uploaded article 2709 with 1 files
[1446/1500] uploaded article 271 with 1 files
[1448/1500] uploaded article 2711 with 1 files
[1449/1500] uploaded article 2712 with 1 files
[1450/1500] uploaded article 2713 with 1 files
[1452/1500] uploaded article 2715 with 1 files
[1451/1500] uploaded article 2714 with 1 files
[1453/1500] uploaded article 2716 with 1 files
[1454/1500] uploaded article 2717 with 1 files
[1455/1500] uploaded article 2718 with 1 files
[1456/1500] uploaded article 2719 with 1 files
[1457/1500] uploaded article 272 with 1 files
[1458/1500] uploaded article 2720 with 1 files
[1459/1500] uploaded article 2721 with 1 files
[1460/1500] uploaded article 2722 with 1 files
[1461/1500] uploaded article 2723 with 1 files
[1462/1500] uploaded article 2724 with 1 files
[1463/1500] uploaded article 2725 with 1 files
[1465/1500] uploaded article 2728 with 1 files
[1466/1500] uploaded article 2729 with 1 files
[1467/1500] uploaded article 273 with 1 files
[1468/1500] uploaded article 273-360 with 1 files
[1447/1500] uploaded article 2710 with 1 files
[1469/1500] uploaded article 2730 with 1 files
[1464/1500] uploaded article 2726228 with 1 files
[1471/1500] uploaded article 2733 with 1 files
[1470/1500] uploaded article 2732 with 1 files
[1472/1500] uploaded article 2734 with 1 files
[1476/1500] uploaded article 2738 with 1 files
[1474/1500] uploaded article 2736 with 1 files
[1473/1500] uploaded article 2735 with 1 files
[1477/1500] uploaded article 2739 with 1 files
[1475/1500] uploaded article 2737 with 1 files
[1478/1500] uploaded article 274 with 1 files
[1479/1500] uploaded article 2740 with 1 files
[1480/1500] uploaded article 2744 with 1 files
[1481/1500] uploaded article 2746 with 1 files
[1482/1500] uploaded article 2747 with 1 files
[1483/1500] uploaded article 2748 with 1 files
[1484/1500] uploaded article 2749 with 1 files
[1485/1500] uploaded article 275 with 1 files
[1486/1500] uploaded article 2750 with 1 files
[1487/1500] uploaded article 2751 with 1 files
[1488/1500] uploaded article 2752 with 1 files
[1489/1500] uploaded article 2753 with 1 files
[1490/1500] uploaded article 2754 with 1 files
[1491/1500] uploaded article 2755 with 1 files
[1492/1500] uploaded article 2756 with 1 files
[1493/1500] uploaded article 2756124 with 1 files
[1494/1500] uploaded article 2757 with 1 files
[1495/1500] uploaded article 2758 with 1 files
[1496/1500] uploaded article 2759 with 1 files
[1497/1500] uploaded article 276 with 1 files
[1498/1500] uploaded article 2760 with 1 files
[1500/1500] uploaded article 2764 with 1 files
[1499/1500] uploaded article 2763 with 1 files
{
  "articles_total": 1500,
  "uploaded_articles": 1500,
  "failed_articles": 0,
  "report": "data\\mass_photo_upload_batch_1500_20260605.json"
}
